Component: ARM Compiler 5.06 update 7 (build 960) Tool: armlink [4d3601]

==============================================================================

Section Cross References

    startup_stm32f10x_md.o(RESET) refers to startup_stm32f10x_md.o(STACK) for __initial_sp
    startup_stm32f10x_md.o(RESET) refers to startup_stm32f10x_md.o(.text) for Reset_Handler
    startup_stm32f10x_md.o(RESET) refers to stm32f10x_it.o(.text) for NMI_Handler
    startup_stm32f10x_md.o(.text) refers to system_stm32f10x.o(.text) for SystemInit
    startup_stm32f10x_md.o(.text) refers to entry.o(.ARM.Collect$$$$00000000) for __main
    system_stm32f10x.o(.text) refers to system_stm32f10x.o(.data) for SystemCoreClock
    stm32f10x_adc.o(.text) refers to stm32f10x_rcc.o(.text) for RCC_APB2PeriphResetCmd
    stm32f10x_bkp.o(.text) refers to stm32f10x_rcc.o(.text) for RCC_BackupResetCmd
    stm32f10x_can.o(.text) refers to stm32f10x_rcc.o(.text) for RCC_APB1PeriphResetCmd
    stm32f10x_cec.o(.text) refers to stm32f10x_rcc.o(.text) for RCC_APB1PeriphResetCmd
    stm32f10x_dac.o(.text) refers to stm32f10x_rcc.o(.text) for RCC_APB1PeriphResetCmd
    stm32f10x_gpio.o(.text) refers to stm32f10x_rcc.o(.text) for RCC_APB2PeriphResetCmd
    stm32f10x_i2c.o(.text) refers to stm32f10x_rcc.o(.text) for RCC_APB1PeriphResetCmd
    stm32f10x_pwr.o(.text) refers to stm32f10x_rcc.o(.text) for RCC_APB1PeriphResetCmd
    stm32f10x_rcc.o(.text) refers to stm32f10x_rcc.o(.data) for APBAHBPrescTable
    stm32f10x_spi.o(.text) refers to stm32f10x_rcc.o(.text) for RCC_APB2PeriphResetCmd
    stm32f10x_tim.o(.text) refers to stm32f10x_rcc.o(.text) for RCC_APB2PeriphResetCmd
    stm32f10x_usart.o(.text) refers to stm32f10x_rcc.o(.text) for RCC_APB2PeriphResetCmd
    stm32f10x_wwdg.o(.text) refers to stm32f10x_rcc.o(.text) for RCC_APB1PeriphResetCmd
    inv_mpu.o(.text) refers to mpu6050.o(.text) for MPU6050_WriteReg
    inv_mpu.o(.text) refers to log_stm32.o(.text) for _MLPrintLog
    inv_mpu.o(.text) refers to bsp_systick.o(.text) for mdelay
    inv_mpu.o(.text) refers to inv_mpu.o(.data) for st
    inv_mpu.o(.text) refers to ffltui.o(.text) for __aeabi_ui2f
    inv_mpu.o(.text) refers to fflti.o(.text) for __aeabi_i2f
    inv_mpu.o(.text) refers to fadd.o(.text) for __aeabi_fsub
    inv_mpu.o(.text) refers to fdiv.o(.text) for __aeabi_fdiv
    inv_mpu.o(.text) refers to fmul.o(.text) for __aeabi_fmul
    inv_mpu.o(.text) refers to ffixi.o(.text) for __aeabi_f2iz
    inv_mpu.o(.text) refers to cfcmple.o(.text) for __aeabi_cfcmpeq
    inv_mpu.o(.text) refers to f2d.o(.text) for __aeabi_f2d
    inv_mpu.o(.text) refers to cdrcmple.o(.text) for __aeabi_cdrcmple
    inv_mpu.o(.text) refers to cfrcmple.o(.text) for __aeabi_cfrcmple
    inv_mpu.o(.text) refers to inv_mpu.o(.constdata) for test
    inv_mpu.o(.text) refers to ldiv.o(.text) for __aeabi_ldivmod
    inv_mpu.o(.text) refers to memcmp.o(.text) for memcmp
    inv_mpu.o(.data) refers to inv_mpu.o(.constdata) for reg
    inv_mpu_dmp_motion_driver.o(.text) refers to inv_mpu.o(.text) for mpu_load_firmware
    inv_mpu_dmp_motion_driver.o(.text) refers to inv_mpu_dmp_motion_driver.o(.constdata) for dmp_memory
    inv_mpu_dmp_motion_driver.o(.text) refers to inv_mpu_dmp_motion_driver.o(.bss) for dmp
    inv_mpu_dmp_motion_driver.o(.text) refers to ffltui.o(.text) for __aeabi_ui2f
    inv_mpu_dmp_motion_driver.o(.text) refers to fdiv.o(.text) for __aeabi_fdiv
    inv_mpu_dmp_motion_driver.o(.text) refers to fmul.o(.text) for __aeabi_fmul
    inv_mpu_dmp_motion_driver.o(.text) refers to ffixui.o(.text) for __aeabi_f2uiz
    inv_mpu_dmp_motion_driver.o(.text) refers to memseta.o(.text) for __aeabi_memset
    inv_mpu_dmp_motion_driver.o(.text) refers to bsp_systick.o(.text) for get_tick_count
    log_stm32.o(.text) refers to printfa.o(i.__0vsprintf) for vsprintf
    log_stm32.o(.text) refers to memseta.o(.text) for __aeabi_memclr4
    log_stm32.o(.text) refers to memmovea.o(.text) for __aeabi_memcpy
    log_stm32.o(.text) refers to stm32f10x_usart.o(.text) for USART_SendData
    empl_outputs.o(.text) refers to data_builder.o(.text) for inv_get_accel_set
    empl_outputs.o(.text) refers to ml_math_func.o(.text) for inv_q29_mult
    empl_outputs.o(.text) refers to fflti.o(.text) for __aeabi_i2f
    empl_outputs.o(.text) refers to atan2f.o(i.atan2f) for atan2f
    empl_outputs.o(.text) refers to fmul.o(.text) for __aeabi_fmul
    empl_outputs.o(.text) refers to fdiv.o(.text) for __aeabi_fdiv
    empl_outputs.o(.text) refers to cfcmple.o(.text) for __aeabi_cfcmple
    empl_outputs.o(.text) refers to fadd.o(.text) for __aeabi_fadd
    empl_outputs.o(.text) refers to ffixi.o(.text) for __aeabi_f2iz
    empl_outputs.o(.text) refers to sqrtf.o(i.sqrtf) for sqrtf
    empl_outputs.o(.text) refers to cfrcmple.o(.text) for __aeabi_cfrcmple
    empl_outputs.o(.text) refers to results_holder.o(.text) for inv_get_quaternion_set
    empl_outputs.o(.text) refers to empl_outputs.o(.bss) for eMPL_out
[...]
    _printf_wctomb                           0x00000000   Number         0  stubs.o ABSOLUTE
    _printf_widthprec                        0x00000000   Number         0  stubs.o ABSOLUTE
    _printf_x                                0x00000000   Number         0  stubs.o ABSOLUTE
    __arm_fini_                               - Undefined Weak Reference
    __cpp_initialize__aeabi_                  - Undefined Weak Reference
    __cxa_finalize                            - Undefined Weak Reference
    __decompress                              - Undefined Weak Reference
    _clock_init                               - Undefined Weak Reference
    _microlib_exit                            - Undefined Weak Reference
    __Vectors_Size                           0x000000ec   Number         0  startup_stm32f10x_md.o ABSOLUTE
    __Vectors                                0x08000000   Data           4  startup_stm32f10x_md.o(RESET)
    __Vectors_End                            0x080000ec   Data           0  startup_stm32f10x_md.o(RESET)
    __main                                   0x080000ed   Thumb Code     0  entry.o(.ARM.Collect$$$$00000000)
    _main_stk                                0x080000ed   Thumb Code     0  entry2.o(.ARM.Collect$$$$00000001)
    _main_scatterload                        0x080000f1   Thumb Code     0  entry5.o(.ARM.Collect$$$$00000004)
    __main_after_scatterload                 0x080000f5   Thumb Code     0  entry5.o(.ARM.Collect$$$$00000004)
    _main_clock                              0x080000f5   Thumb Code     0  entry7b.o(.ARM.Collect$$$$00000008)
    _main_cpp_init                           0x080000f5   Thumb Code     0  entry8b.o(.ARM.Collect$$$$0000000A)
    _main_init                               0x080000f5   Thumb Code     0  entry9a.o(.ARM.Collect$$$$0000000B)
    __rt_lib_shutdown_fini                   0x080000fd   Thumb Code     0  entry12b.o(.ARM.Collect$$$$0000000E)
    __rt_final_cpp                           0x08000101   Thumb Code     0  entry10a.o(.ARM.Collect$$$$0000000F)
    __rt_final_exit                          0x08000101   Thumb Code     0  entry11a.o(.ARM.Collect$$$$00000011)
    Reset_Handler                            0x08000105   Thumb Code     8  startup_stm32f10x_md.o(.text)
    ADC1_2_IRQHandler                        0x0800011f   Thumb Code     0  startup_stm32f10x_md.o(.text)
    CAN1_RX1_IRQHandler                      0x0800011f   Thumb Code     0  startup_stm32f10x_md.o(.text)
    CAN1_SCE_IRQHandler                      0x0800011f   Thumb Code     0  startup_stm32f10x_md.o(.text)
    DMA1_Channel1_IRQHandler                 0x0800011f   Thumb Code     0  startup_stm32f10x_md.o(.text)
    DMA1_Channel2_IRQHandler                 0x0800011f   Thumb Code     0  startup_stm32f10x_md.o(.text)
    DMA1_Channel3_IRQHandler                 0x0800011f   Thumb Code     0  startup_stm32f10x_md.o(.text)
    DMA1_Channel4_IRQHandler                 0x0800011f   Thumb Code     0  startup_stm32f10x_md.o(.text)
    DMA1_Channel5_IRQHandler                 0x0800011f   Thumb Code     0  startup_stm32f10x_md.o(.text)
    DMA1_Channel6_IRQHandler                 0x0800011f   Thumb Code     0  startup_stm32f10x_md.o(.text)
    DMA1_Channel7_IRQHandler                 0x0800011f   Thumb Code     0  startup_stm32f10x_md.o(.text)
    EXTI0_IRQHandler                         0x0800011f   Thumb Code     0  startup_stm32f10x_md.o(.text)
    EXTI1_IRQHandler                         0x0800011f   Thumb Code     0  startup_stm32f10x_md.o(.text)
    EXTI2_IRQHandler                         0x0800011f   Thumb Code     0  startup_stm32f10x_md.o(.text)
    EXTI3_IRQHandler                         0x0800011f   Thumb Code     0  startup_stm32f10x_md.o(.text)
    EXTI4_IRQHandler                         0x0800011f   Thumb Code     0  startup_stm32f10x_md.o(.text)
    EXTI9_5_IRQHandler                       0x0800011f   Thumb Code     0  startup_stm32f10x_md.o(.text)
    FLASH_IRQHandler                         0x0800011f   Thumb Code     0  startup_stm32f10x_md.o(.text)
    I2C1_ER_IRQHandler                       0x0800011f   Thumb Code     0  startup_stm32f10x_md.o(.text)
    I2C1_EV_IRQHandler                       0x0800011f   Thumb Code     0  startup_stm32f10x_md.o(.text)
    I2C2_ER_IRQHandler                       0x0800011f   Thumb Code     0  startup_stm32f10x_md.o(.text)
    I2C2_EV_IRQHandler                       0x0800011f   Thumb Code     0  startup_stm32f10x_md.o(.text)
    PVD_IRQHandler                           0x0800011f   Thumb Code     0  startup_stm32f10x_md.o(.text)
    RCC_IRQHandler                           0x0800011f   Thumb Code     0  startup_stm32f10x_md.o(.text)
    RTCAlarm_IRQHandler                      0x0800011f   Thumb Code     0  startup_stm32f10x_md.o(.text)
    RTC_IRQHandler                           0x0800011f   Thumb Code     0  startup_stm32f10x_md.o(.text)
    SPI1_IRQHandler                          0x0800011f   Thumb Code     0  startup_stm32f10x_md.o(.text)
    SPI2_IRQHandler                          0x0800011f   Thumb Code     0  startup_stm32f10x_md.o(.text)
    TAMPER_IRQHandler                        0x0800011f   Thumb Code     0  startup_stm32f10x_md.o(.text)
    TIM1_BRK_IRQHandler                      0x0800011f   Thumb Code     0  startup_stm32f10x_md.o(.text)
    TIM1_CC_IRQHandler                       0x0800011f   Thumb Code     0  startup_stm32f10x_md.o(.text)
    TIM1_TRG_COM_IRQHandler                  0x0800011f   Thumb Code     0  startup_stm32f10x_md.o(.text)
    TIM1_UP_IRQHandler                       0x0800011f   Thumb Code     0  startup_stm32f10x_md.o(.text)
    TIM2_IRQHandler                          0x0800011f   Thumb Code     0  startup_stm32f10x_md.o(.text)
    TIM3_IRQHandler                          0x0800011f   Thumb Code     0  startup_stm32f10x_md.o(.text)
    TIM4_IRQHandler                          0x0800011f   Thumb Code     0  startup_stm32f10x_md.o(.text)
    USART1_IRQHandler                        0x0800011f   Thumb Code     0  startup_stm32f10x_md.o(.text)
    USART2_IRQHandler                        0x0800011f   Thumb Code     0  startup_stm32f10x_md.o(.text)
    USART3_IRQHandler                        0x0800011f   Thumb Code     0  startup_stm32f10x_md.o(.text)
    USBWakeUp_IRQHandler                     0x0800011f   Thumb Code     0  startup_stm32f10x_md.o(.text)
    USB_HP_CAN1_TX_IRQHandler                0x0800011f   Thumb Code     0  startup_stm32f10x_md.o(.text)
    USB_LP_CAN1_RX0_IRQHandler               0x0800011f   Thumb Code     0  startup_stm32f10x_md.o(.text)
    WWDG_IRQHandler                          0x0800011f   Thumb Code     0  startup_stm32f10x_md.o(.text)
    SystemInit                               0x08000207   Thumb Code    78  system_stm32f10x.o(.text)
    SystemCoreClockUpdate                    0x08000255   Thumb Code   142  system_stm32f10x.o(.text)
    NVIC_PriorityGroupConfig                 0x08000309   Thumb Code    10  misc.o(.text)
    NVIC_Init                                0x08000313   Thumb Code   100  misc.o(.text)
    NVIC_SetVectorTable                      0x08000377   Thumb Code    14  misc.o(.text)
    NVIC_SystemLPConfig                      0x08000385   Thumb Code    34  misc.o(.text)
    SysTick_CLKSourceConfig                  0x080003a7   Thumb Code    40  misc.o(.text)
    EXTI_DeInit                              0x080003e5   Thumb Code    28  stm32f10x_exti.o(.text)
    EXTI_Init                                0x08000401   Thumb Code   142  stm32f10x_exti.o(.text)
    EXTI_StructInit                          0x0800048f   Thumb Code    16  stm32f10x_exti.o(.text)
    EXTI_GenerateSWInterrupt                 0x0800049f   Thumb Code    16  stm32f10x_exti.o(.text)
    EXTI_GetFlagStatus                       0x080004af   Thumb Code    22  stm32f10x_exti.o(.text)
    EXTI_ClearFlag                           0x080004c5   Thumb Code     8  stm32f10x_exti.o(.text)
    EXTI_GetITStatus                         0x080004cd   Thumb Code    34  stm32f10x_exti.o(.text)
    EXTI_ClearITPendingBit                   0x080004ef   Thumb Code     8  stm32f10x_exti.o(.text)
    GPIO_DeInit                              0x08000501   Thumb Code   172  stm32f10x_gpio.o(.text)
    GPIO_AFIODeInit                          0x080005ad   Thumb Code    20  stm32f10x_gpio.o(.text)
    GPIO_Init                                0x080005c1   Thumb Code   278  stm32f10x_gpio.o(.text)
    GPIO_StructInit                          0x080006d7   Thumb Code    16  stm32f10x_gpio.o(.text)
    GPIO_ReadInputDataBit                    0x080006e7   Thumb Code    18  stm32f10x_gpio.o(.text)
    GPIO_ReadInputData                       0x080006f9   Thumb Code     8  stm32f10x_gpio.o(.text)
    GPIO_ReadOutputDataBit                   0x08000701   Thumb Code    18  stm32f10x_gpio.o(.text)
    GPIO_ReadOutputData                      0x08000713   Thumb Code     8  stm32f10x_gpio.o(.text)
    GPIO_SetBits                             0x0800071b   Thumb Code     4  stm32f10x_gpio.o(.text)
    GPIO_ResetBits                           0x0800071f   Thumb Code     4  stm32f10x_gpio.o(.text)
    GPIO_WriteBit                            0x08000723   Thumb Code    10  stm32f10x_gpio.o(.text)
    GPIO_Write                               0x0800072d   Thumb Code     4  stm32f10x_gpio.o(.text)
    GPIO_PinLockConfig                       0x08000731   Thumb Code    18  stm32f10x_gpio.o(.text)
    GPIO_EventOutputConfig                   0x08000743   Thumb Code    26  stm32f10x_gpio.o(.text)
    GPIO_EventOutputCmd                      0x0800075d   Thumb Code     6  stm32f10x_gpio.o(.text)
    GPIO_PinRemapConfig                      0x08000763   Thumb Code   138  stm32f10x_gpio.o(.text)
    GPIO_EXTILineConfig                      0x080007ed   Thumb Code    66  stm32f10x_gpio.o(.text)
    GPIO_ETH_MediaInterfaceConfig            0x0800082f   Thumb Code     8  stm32f10x_gpio.o(.text)
    I2C_DeInit                               0x0800085d   Thumb Code    50  stm32f10x_i2c.o(.text)
    I2C_Init                                 0x0800088f   Thumb Code   222  stm32f10x_i2c.o(.text)
    I2C_StructInit                           0x0800096d   Thumb Code    30  stm32f10x_i2c.o(.text)
    I2C_Cmd                                  0x0800098b   Thumb Code    24  stm32f10x_i2c.o(.text)
    I2C_DMACmd                               0x080009a3   Thumb Code    24  stm32f10x_i2c.o(.text)
    I2C_DMALastTransferCmd                   0x080009bb   Thumb Code    24  stm32f10x_i2c.o(.text)
    I2C_GenerateSTART                        0x080009d3   Thumb Code    24  stm32f10x_i2c.o(.text)
    I2C_GenerateSTOP                         0x080009eb   Thumb Code    24  stm32f10x_i2c.o(.text)
    I2C_AcknowledgeConfig                    0x08000a03   Thumb Code    24  stm32f10x_i2c.o(.text)
    I2C_OwnAddress2Config                    0x08000a1b   Thumb Code    22  stm32f10x_i2c.o(.text)
    I2C_DualAddressCmd                       0x08000a31   Thumb Code    24  stm32f10x_i2c.o(.text)
    I2C_GeneralCallCmd                       0x08000a49   Thumb Code    24  stm32f10x_i2c.o(.text)
    I2C_ITConfig                             0x08000a61   Thumb Code    18  stm32f10x_i2c.o(.text)
    I2C_SendData                             0x08000a73   Thumb Code     4  stm32f10x_i2c.o(.text)
    I2C_ReceiveData                          0x08000a77   Thumb Code     8  stm32f10x_i2c.o(.text)
    I2C_Send7bitAddress                      0x08000a7f   Thumb Code    18  stm32f10x_i2c.o(.text)
    I2C_ReadRegister                         0x08000a91   Thumb Code    22  stm32f10x_i2c.o(.text)
    I2C_SoftwareResetCmd                     0x08000aa7   Thumb Code    22  stm32f10x_i2c.o(.text)
    I2C_NACKPositionConfig                   0x08000abd   Thumb Code    28  stm32f10x_i2c.o(.text)
    I2C_SMBusAlertConfig                     0x08000ad9   Thumb Code    28  stm32f10x_i2c.o(.text)
    I2C_TransmitPEC                          0x08000af5   Thumb Code    24  stm32f10x_i2c.o(.text)
    I2C_PECPositionConfig                    0x08000b0d   Thumb Code    28  stm32f10x_i2c.o(.text)
    I2C_CalculatePEC                         0x08000b29   Thumb Code    24  stm32f10x_i2c.o(.text)
    I2C_GetPEC                               0x08000b41   Thumb Code     8  stm32f10x_i2c.o(.text)
    I2C_ARPCmd                               0x08000b49   Thumb Code    24  stm32f10x_i2c.o(.text)
    I2C_StretchClockCmd                      0x08000b61   Thumb Code    24  stm32f10x_i2c.o(.text)
    I2C_FastModeDutyCycleConfig              0x08000b79   Thumb Code    28  stm32f10x_i2c.o(.text)
    I2C_CheckEvent                           0x08000b95   Thumb Code    42  stm32f10x_i2c.o(.text)
    I2C_GetLastEvent                         0x08000bbf   Thumb Code    26  stm32f10x_i2c.o(.text)
    I2C_GetFlagStatus                        0x08000bd9   Thumb Code    58  stm32f10x_i2c.o(.text)
    I2C_ClearFlag                            0x08000c13   Thumb Code    12  stm32f10x_i2c.o(.text)
    I2C_GetITStatus                          0x08000c1f   Thumb Code    54  stm32f10x_i2c.o(.text)
    I2C_ClearITPendingBit                    0x08000c55   Thumb Code    12  stm32f10x_i2c.o(.text)
    RCC_DeInit                               0x08000c61   Thumb Code    64  stm32f10x_rcc.o(.text)
    RCC_HSEConfig                            0x08000ca1   Thumb Code    70  stm32f10x_rcc.o(.text)
    RCC_GetFlagStatus                        0x08000ce7   Thumb Code    56  stm32f10x_rcc.o(.text)
    RCC_WaitForHSEStartUp                    0x08000d1f   Thumb Code    56  stm32f10x_rcc.o(.text)
    RCC_AdjustHSICalibrationValue            0x08000d57   Thumb Code    20  stm32f10x_rcc.o(.text)
    RCC_HSICmd                               0x08000d6b   Thumb Code     6  stm32f10x_rcc.o(.text)
    RCC_PLLConfig                            0x08000d71   Thumb Code    24  stm32f10x_rcc.o(.text)
    RCC_PLLCmd                               0x08000d89   Thumb Code     6  stm32f10x_rcc.o(.text)
    RCC_SYSCLKConfig                         0x08000d8f   Thumb Code    18  stm32f10x_rcc.o(.text)
    RCC_GetSYSCLKSource                      0x08000da1   Thumb Code    10  stm32f10x_rcc.o(.text)
    RCC_HCLKConfig                           0x08000dab   Thumb Code    18  stm32f10x_rcc.o(.text)
    RCC_PCLK1Config                          0x08000dbd   Thumb Code    18  stm32f10x_rcc.o(.text)
    RCC_PCLK2Config                          0x08000dcf   Thumb Code    20  stm32f10x_rcc.o(.text)
    RCC_ITConfig                             0x08000de3   Thumb Code    26  stm32f10x_rcc.o(.text)
    RCC_USBCLKConfig                         0x08000dfd   Thumb Code     8  stm32f10x_rcc.o(.text)
    RCC_ADCCLKConfig                         0x08000e05   Thumb Code    18  stm32f10x_rcc.o(.text)
    RCC_LSEConfig                            0x08000e17   Thumb Code    50  stm32f10x_rcc.o(.text)
    RCC_LSICmd                               0x08000e49   Thumb Code     6  stm32f10x_rcc.o(.text)
    RCC_RTCCLKConfig                         0x08000e4f   Thumb Code    12  stm32f10x_rcc.o(.text)
    RCC_RTCCLKCmd                            0x08000e5b   Thumb Code     8  stm32f10x_rcc.o(.text)
    RCC_GetClocksFreq                        0x08000e63   Thumb Code   192  stm32f10x_rcc.o(.text)
    RCC_AHBPeriphClockCmd                    0x08000f23   Thumb Code    26  stm32f10x_rcc.o(.text)
    RCC_APB2PeriphClockCmd                   0x08000f3d   Thumb Code    26  stm32f10x_rcc.o(.text)
    RCC_APB1PeriphClockCmd                   0x08000f57   Thumb Code    26  stm32f10x_rcc.o(.text)
    RCC_APB2PeriphResetCmd                   0x08000f71   Thumb Code    26  stm32f10x_rcc.o(.text)
    RCC_APB1PeriphResetCmd                   0x08000f8b   Thumb Code    26  stm32f10x_rcc.o(.text)
    RCC_BackupResetCmd                       0x08000fa5   Thumb Code     8  stm32f10x_rcc.o(.text)
    RCC_ClockSecuritySystemCmd               0x08000fad   Thumb Code     6  stm32f10x_rcc.o(.text)
    RCC_MCOConfig                            0x08000fb3   Thumb Code     6  stm32f10x_rcc.o(.text)
    RCC_ClearFlag                            0x08000fb9   Thumb Code    14  stm32f10x_rcc.o(.text)
    RCC_GetITStatus                          0x08000fc7   Thumb Code    20  stm32f10x_rcc.o(.text)
    RCC_ClearITPendingBit                    0x08000fdb   Thumb Code     6  stm32f10x_rcc.o(.text)
    USART_DeInit                             0x08001005   Thumb Code   134  stm32f10x_usart.o(.text)
    USART_Init                               0x0800108b   Thumb Code   210  stm32f10x_usart.o(.text)
    USART_StructInit                         0x0800115d   Thumb Code    24  stm32f10x_usart.o(.text)
    USART_ClockInit                          0x08001175   Thumb Code    34  stm32f10x_usart.o(.text)
    USART_ClockStructInit                    0x08001197   Thumb Code    12  stm32f10x_usart.o(.text)
    USART_Cmd                                0x080011a3   Thumb Code    24  stm32f10x_usart.o(.text)
    USART_ITConfig                           0x080011bb   Thumb Code    74  stm32f10x_usart.o(.text)
    USART_DMACmd                             0x08001205   Thumb Code    18  stm32f10x_usart.o(.text)
    USART_SetAddress                         0x08001217   Thumb Code    18  stm32f10x_usart.o(.text)
    USART_WakeUpConfig                       0x08001229   Thumb Code    18  stm32f10x_usart.o(.text)
    USART_ReceiverWakeUpCmd                  0x0800123b   Thumb Code    24  stm32f10x_usart.o(.text)
    USART_LINBreakDetectLengthConfig         0x08001253   Thumb Code    18  stm32f10x_usart.o(.text)
    USART_LINCmd                             0x08001265   Thumb Code    24  stm32f10x_usart.o(.text)
    USART_SendData                           0x0800127d   Thumb Code     8  stm32f10x_usart.o(.text)
    USART_ReceiveData                        0x08001285   Thumb Code    10  stm32f10x_usart.o(.text)
    USART_SendBreak                          0x0800128f   Thumb Code    10  stm32f10x_usart.o(.text)
    USART_SetGuardTime                       0x08001299   Thumb Code    16  stm32f10x_usart.o(.text)
    USART_SetPrescaler                       0x080012a9   Thumb Code    16  stm32f10x_usart.o(.text)
    USART_SmartCardCmd                       0x080012b9   Thumb Code    24  stm32f10x_usart.o(.text)
    USART_SmartCardNACKCmd                   0x080012d1   Thumb Code    24  stm32f10x_usart.o(.text)
    USART_HalfDuplexCmd                      0x080012e9   Thumb Code    24  stm32f10x_usart.o(.text)
    USART_OverSampling8Cmd                   0x08001301   Thumb Code    22  stm32f10x_usart.o(.text)
    USART_OneBitMethodCmd                    0x08001317   Thumb Code    24  stm32f10x_usart.o(.text)
    USART_IrDAConfig                         0x0800132f   Thumb Code    18  stm32f10x_usart.o(.text)
    USART_IrDACmd                            0x08001341   Thumb Code    24  stm32f10x_usart.o(.text)
    USART_GetFlagStatus                      0x08001359   Thumb Code    26  stm32f10x_usart.o(.text)
    USART_ClearFlag                          0x08001373   Thumb Code    18  stm32f10x_usart.o(.text)
    USART_GetITStatus                        0x08001385   Thumb Code    84  stm32f10x_usart.o(.text)
    USART_ClearITPendingBit                  0x080013d9   Thumb Code    52  stm32f10x_usart.o(.text)
    mpu_reg_dump                             0x08001497   Thumb Code    90  inv_mpu.o(.text)
    mpu_read_reg                             0x080014f1   Thumb Code    66  inv_mpu.o(.text)
    mpu_set_int_latched                      0x08001533   Thumb Code   102  inv_mpu.o(.text)
    mpu_set_sensors                          0x08001599   Thumb Code   202  inv_mpu.o(.text)
    mpu_set_bypass                           0x08001663   Thumb Code   328  inv_mpu.o(.text)
    mpu_reset_fifo                           0x080017ab   Thumb Code   470  inv_mpu.o(.text)
    mpu_configure_fifo                       0x08001981   Thumb Code   106  inv_mpu.o(.text)
    mpu_set_lpf                              0x080019eb   Thumb Code   126  inv_mpu.o(.text)
    mpu_lp_accel_mode                        0x08001a69   Thumb Code   218  inv_mpu.o(.text)
    mpu_set_sample_rate                      0x08001b43   Thumb Code   152  inv_mpu.o(.text)
    mpu_set_accel_fsr                        0x08001bdb   Thumb Code   132  inv_mpu.o(.text)
    mpu_set_gyro_fsr                         0x08001c5f   Thumb Code   132  inv_mpu.o(.text)
    mpu_init                                 0x08001ce3   Thumb Code   248  inv_mpu.o(.text)
    mpu_get_gyro_reg                         0x08001ddb   Thumb Code   110  inv_mpu.o(.text)
    mpu_get_accel_reg                        0x08001e49   Thumb Code   110  inv_mpu.o(.text)
    mpu_get_temperature                      0x08001eb7   Thumb Code   150  inv_mpu.o(.text)
    mpu_read_6500_accel_bias                 0x08001f4d   Thumb Code   124  inv_mpu.o(.text)
    mpu_read_6050_accel_bias                 0x08001fc9   Thumb Code   134  inv_mpu.o(.text)
    mpu_read_6500_gyro_bias                  0x0800204f   Thumb Code   124  inv_mpu.o(.text)
    mpu_set_gyro_bias_reg                    0x080020cb   Thumb Code   152  inv_mpu.o(.text)
    mpu_set_accel_bias_6050_reg              0x08002163   Thumb Code   196  inv_mpu.o(.text)
    mpu_set_accel_bias_6500_reg              0x08002227   Thumb Code   196  inv_mpu.o(.text)
    mpu_get_gyro_fsr                         0x080022eb   Thumb Code    64  inv_mpu.o(.text)
    mpu_get_accel_fsr                        0x0800232b   Thumb Code    72  inv_mpu.o(.text)
    mpu_get_lpf                              0x08002373   Thumb Code    74  inv_mpu.o(.text)
    mpu_get_sample_rate                      0x080023bd   Thumb Code    26  inv_mpu.o(.text)
    mpu_get_compass_sample_rate              0x080023d7   Thumb Code    10  inv_mpu.o(.text)
    mpu_set_compass_sample_rate              0x080023e1   Thumb Code    12  inv_mpu.o(.text)
    mpu_get_gyro_sens                        0x080023ed   Thumb Code    58  inv_mpu.o(.text)
    mpu_get_accel_sens                       0x08002427   Thumb Code    78  inv_mpu.o(.text)
    mpu_get_fifo_config                      0x08002475   Thumb Code    12  inv_mpu.o(.text)
    mpu_get_power_state                      0x08002481   Thumb Code    22  inv_mpu.o(.text)
    mpu_get_int_status                       0x08002497   Thumb Code    64  inv_mpu.o(.text)
    mpu_read_fifo                            0x080024d7   Thumb Code   500  inv_mpu.o(.text)
    mpu_read_fifo_stream                     0x080026cb   Thumb Code   186  inv_mpu.o(.text)
    mpu_set_int_level                        0x08002785   Thumb Code    12  inv_mpu.o(.text)
    mpu_set_dmp_state                        0x08002e9b   Thumb Code   138  inv_mpu.o(.text)
    mpu_run_self_test                        0x08002f25   Thumb Code   292  inv_mpu.o(.text)
    mpu_write_mem                            0x08003049   Thumb Code   122  inv_mpu.o(.text)
    mpu_read_mem                             0x080030c3   Thumb Code   122  inv_mpu.o(.text)
    mpu_load_firmware                        0x0800313d   Thumb Code   180  inv_mpu.o(.text)
    mpu_get_dmp_state                        0x080031f1   Thumb Code    14  inv_mpu.o(.text)
    mpu_get_compass_reg                      0x080031ff   Thumb Code     8  inv_mpu.o(.text)
    mpu_get_compass_fsr                      0x08003207   Thumb Code     8  inv_mpu.o(.text)
    mpu_lp_motion_interrupt                  0x0800320f   Thumb Code   230  inv_mpu.o(.text)
    dmp_load_motion_driver_firmware          0x080032f9   Thumb Code    20  inv_mpu_dmp_motion_driver.o(.text)
    dmp_set_orientation                      0x0800330d   Thumb Code   290  inv_mpu_dmp_motion_driver.o(.text)
    dmp_set_gyro_bias                        0x0800342f   Thumb Code   294  inv_mpu_dmp_motion_driver.o(.text)
    dmp_set_accel_bias                       0x08003555   Thumb Code   302  inv_mpu_dmp_motion_driver.o(.text)
    dmp_set_fifo_rate                        0x08003683   Thumb Code   138  inv_mpu_dmp_motion_driver.o(.text)
    dmp_get_fifo_rate                        0x0800370d   Thumb Code    12  inv_mpu_dmp_motion_driver.o(.text)
    dmp_set_tap_thresh                       0x08003719   Thumb Code   396  inv_mpu_dmp_motion_driver.o(.text)
    dmp_set_tap_axes                         0x080038a5   Thumb Code    70  inv_mpu_dmp_motion_driver.o(.text)
    dmp_set_tap_count                        0x080038eb   Thumb Code    38  inv_mpu_dmp_motion_driver.o(.text)
    dmp_set_tap_time                         0x08003911   Thumb Code    38  inv_mpu_dmp_motion_driver.o(.text)
    dmp_set_tap_time_multi                   0x08003937   Thumb Code    38  inv_mpu_dmp_motion_driver.o(.text)
    dmp_set_shake_reject_thresh              0x0800395d   Thumb Code    56  inv_mpu_dmp_motion_driver.o(.text)
    dmp_set_shake_reject_time                0x08003995   Thumb Code    38  inv_mpu_dmp_motion_driver.o(.text)
    dmp_set_shake_reject_timeout             0x080039bb   Thumb Code    38  inv_mpu_dmp_motion_driver.o(.text)
    dmp_get_pedometer_step_count             0x080039e1   Thumb Code    66  inv_mpu_dmp_motion_driver.o(.text)
    dmp_set_pedometer_step_count             0x08003a23   Thumb Code    42  inv_mpu_dmp_motion_driver.o(.text)
    dmp_get_pedometer_walk_time              0x08003a4d   Thumb Code    72  inv_mpu_dmp_motion_driver.o(.text)
    dmp_set_pedometer_walk_time              0x08003a95   Thumb Code    48  inv_mpu_dmp_motion_driver.o(.text)
    dmp_enable_6x_lp_quat                    0x08003ac5   Thumb Code    84  inv_mpu_dmp_motion_driver.o(.text)
    dmp_enable_lp_quat                       0x08003b19   Thumb Code    60  inv_mpu_dmp_motion_driver.o(.text)
    dmp_enable_gyro_cal                      0x08003b55   Thumb Code    62  inv_mpu_dmp_motion_driver.o(.text)
    dmp_enable_feature                       0x08003b93   Thumb Code   530  inv_mpu_dmp_motion_driver.o(.text)
    dmp_get_enabled_features                 0x08003da5   Thumb Code    12  inv_mpu_dmp_motion_driver.o(.text)
    dmp_set_interrupt_mode                   0x08003e0f   Thumb Code    66  inv_mpu_dmp_motion_driver.o(.text)
    dmp_read_fifo                            0x08003e51   Thumb Code   514  inv_mpu_dmp_motion_driver.o(.text)
    dmp_register_tap_cb                      0x08004053   Thumb Code    10  inv_mpu_dmp_motion_driver.o(.text)
    dmp_register_android_orient_cb           0x0800405d   Thumb Code    10  inv_mpu_dmp_motion_driver.o(.text)
    _MLPrintLog                              0x0800406d   Thumb Code   202  log_stm32.o(.text)
    eMPL_send_quat                           0x08004137   Thumb Code   188  log_stm32.o(.text)
    eMPL_send_data                           0x080041f3   Thumb Code   406  log_stm32.o(.text)
    inv_get_sensor_type_accel                0x0800438d   Thumb Code    36  empl_outputs.o(.text)
    inv_get_sensor_type_gyro                 0x080043b1   Thumb Code    36  empl_outputs.o(.text)
    inv_get_sensor_type_compass              0x080043d5   Thumb Code    36  empl_outputs.o(.text)
    inv_get_sensor_type_quat                 0x080043f9   Thumb Code    32  empl_outputs.o(.text)
    inv_get_sensor_type_heading              0x08004419   Thumb Code   176  empl_outputs.o(.text)
    inv_get_sensor_type_euler                0x080044c9   Thumb Code   536  empl_outputs.o(.text)
    inv_get_sensor_type_rot_mat              0x080046e1   Thumb Code    36  empl_outputs.o(.text)
    inv_start_eMPL_outputs                   0x08004807   Thumb Code    16  empl_outputs.o(.text)
    inv_stop_eMPL_outputs                    0x08004817   Thumb Code    10  empl_outputs.o(.text)
    inv_enable_eMPL_outputs                  0x0800482f   Thumb Code    24  empl_outputs.o(.text)
    inv_disable_eMPL_outputs                 0x08004847   Thumb Code    16  empl_outputs.o(.text)
    inv_disable_compass_soft_iron_matrix     0x080048b9   Thumb Code    10  data_builder.o(.text)
    inv_reset_compass_soft_iron_matrix       0x080048c3   Thumb Code    70  data_builder.o(.text)
    inv_init_data_builder                    0x08004909   Thumb Code    44  data_builder.o(.text)
    inv_get_gyro_sensitivity                 0x08004935   Thumb Code     6  data_builder.o(.text)
    inv_get_accel_sensitivity                0x0800493b   Thumb Code     6  data_builder.o(.text)
    inv_get_compass_sensitivity              0x08004941   Thumb Code     8  data_builder.o(.text)
    set_sensor_orientation_and_scale         0x08004949   Thumb Code     6  data_builder.o(.text)
    inv_set_gyro_orientation_and_scale       0x0800494f   Thumb Code    18  data_builder.o(.text)
    inv_set_gyro_sample_rate                 0x08004961   Thumb Code    32  data_builder.o(.text)
    inv_set_accel_sample_rate                0x08004981   Thumb Code    36  data_builder.o(.text)
    inv_set_compass_sample_rate              0x080049a5   Thumb Code    40  data_builder.o(.text)
    inv_get_gyro_sample_rate_ms              0x080049cd   Thumb Code     8  data_builder.o(.text)
    inv_get_accel_sample_rate_ms             0x080049d5   Thumb Code     8  data_builder.o(.text)
    inv_get_compass_sample_rate_ms           0x080049dd   Thumb Code    10  data_builder.o(.text)
    inv_set_quat_sample_rate                 0x080049e7   Thumb Code    22  data_builder.o(.text)
    inv_set_gyro_bandwidth                   0x080049fd   Thumb Code     6  data_builder.o(.text)
    inv_set_accel_bandwidth                  0x08004a03   Thumb Code     8  data_builder.o(.text)
    inv_set_compass_bandwidth                0x08004a0b   Thumb Code     8  data_builder.o(.text)
    inv_get_compass_on                       0x08004a13   Thumb Code    12  data_builder.o(.text)
    inv_get_gyro_on                          0x08004a1f   Thumb Code    10  data_builder.o(.text)
    inv_get_accel_on                         0x08004a29   Thumb Code    12  data_builder.o(.text)
    inv_get_last_timestamp                   0x08004a35   Thumb Code    98  data_builder.o(.text)
    inv_set_accel_orientation_and_scale      0x08004a97   Thumb Code    20  data_builder.o(.text)
    inv_set_compass_orientation_and_scale    0x08004aab   Thumb Code    20  data_builder.o(.text)
    inv_matrix_vector_mult                   0x08004abf   Thumb Code   110  data_builder.o(.text)
    inv_apply_calibration                    0x08004b2d   Thumb Code   106  data_builder.o(.text)
    inv_get_compass_bias                     0x08004b97   Thumb Code    20  data_builder.o(.text)
    inv_set_compass_bias                     0x08004bab   Thumb Code    66  data_builder.o(.text)
    inv_set_compass_disturbance              0x08004bed   Thumb Code    10  data_builder.o(.text)
    inv_get_compass_disturbance              0x08004bf7   Thumb Code    10  data_builder.o(.text)
    inv_set_accel_bias                       0x08004c01   Thumb Code    92  data_builder.o(.text)
    inv_set_accel_accuracy                   0x08004c5d   Thumb Code    26  data_builder.o(.text)
    inv_set_accel_bias_mask                  0x08004c77   Thumb Code    84  data_builder.o(.text)
    inv_set_gyro_bias                        0x08004ccb   Thumb Code   106  data_builder.o(.text)
    inv_get_gyro_bias_tc_set                 0x08004d35   Thumb Code    26  data_builder.o(.text)
    inv_get_gyro_bias                        0x08004d4f   Thumb Code    32  data_builder.o(.text)
    inv_get_accel_bias                       0x08004d6f   Thumb Code    32  data_builder.o(.text)
    inv_build_accel                          0x08004d8f   Thumb Code   128  data_builder.o(.text)
    inv_build_gyro                           0x08004e0f   Thumb Code    48  data_builder.o(.text)
    inv_get_compass_soft_iron_output_data    0x08004e3f   Thumb Code    24  data_builder.o(.text)
    inv_set_compass_soft_iron_input_data     0x08004e57   Thumb Code    72  data_builder.o(.text)
    inv_build_compass                        0x08004e9f   Thumb Code   168  data_builder.o(.text)
    inv_build_temp                           0x08004f47   Thumb Code    38  data_builder.o(.text)
    inv_build_quat                           0x08004f6d   Thumb Code    56  data_builder.o(.text)
    inv_accel_was_turned_off                 0x08004fa5   Thumb Code     8  data_builder.o(.text)
    inv_compass_was_turned_off               0x08004fad   Thumb Code    10  data_builder.o(.text)
    inv_quaternion_sensor_was_turned_off     0x08004fb7   Thumb Code    10  data_builder.o(.text)
    inv_gyro_was_turned_off                  0x08004fc1   Thumb Code     8  data_builder.o(.text)
    inv_temperature_was_turned_off           0x08004fc9   Thumb Code    10  data_builder.o(.text)
    inv_register_data_cb                     0x08004fd3   Thumb Code   246  data_builder.o(.text)
    inv_unregister_data_cb                   0x080050c9   Thumb Code    96  data_builder.o(.text)
    inv_execute_on_data                      0x08005243   Thumb Code   152  data_builder.o(.text)
    inv_get_accel_set                        0x080052db   Thumb Code    40  data_builder.o(.text)
    inv_get_gyro_set                         0x08005303   Thumb Code    34  data_builder.o(.text)
    inv_get_gyro_set_raw                     0x08005325   Thumb Code    34  data_builder.o(.text)
    inv_get_gyro                             0x08005347   Thumb Code    12  data_builder.o(.text)
    inv_get_compass_set                      0x08005353   Thumb Code    58  data_builder.o(.text)
    inv_get_temp_set                         0x0800538d   Thumb Code    30  data_builder.o(.text)
    inv_get_gyro_accuracy                    0x080053ab   Thumb Code     6  data_builder.o(.text)
    inv_get_mag_accuracy                     0x080053b1   Thumb Code    22  data_builder.o(.text)
    inv_get_accel_accuracy                   0x080053c7   Thumb Code     6  data_builder.o(.text)
    inv_get_gyro_orient                      0x080053cd   Thumb Code    12  data_builder.o(.text)
    inv_get_accel_orient                     0x080053d9   Thumb Code    12  data_builder.o(.text)
    inv_get_compass_soft_iron_matrix_d       0x080053e5   Thumb Code    24  data_builder.o(.text)
    inv_set_compass_soft_iron_matrix_d       0x080053fd   Thumb Code    58  data_builder.o(.text)
    inv_get_compass_soft_iron_matrix_f       0x08005437   Thumb Code    46  data_builder.o(.text)
    inv_set_compass_soft_iron_matrix_f       0x08005465   Thumb Code    54  data_builder.o(.text)
    inv_get_compass_soft_iron_input_data     0x0800549b   Thumb Code    26  data_builder.o(.text)
    inv_enable_compass_soft_iron_matrix      0x080054b5   Thumb Code    10  data_builder.o(.text)
    inv_get_sensor_type_accelerometer        0x080054c9   Thumb Code    92  hal_outputs.o(.text)
    inv_get_sensor_type_linear_acceleration  0x08005525   Thumb Code   110  hal_outputs.o(.text)
    inv_get_sensor_type_gravity              0x08005593   Thumb Code    86  hal_outputs.o(.text)
    inv_get_sensor_type_gyroscope            0x080055e9   Thumb Code    92  hal_outputs.o(.text)
    inv_get_sensor_type_gyroscope_raw        0x08005645   Thumb Code    92  hal_outputs.o(.text)
    inv_get_sensor_type_rotation_vector      0x080056a1   Thumb Code   216  hal_outputs.o(.text)
    inv_get_sensor_type_magnetic_field       0x08005779   Thumb Code    68  hal_outputs.o(.text)
    inv_get_sensor_type_orientation          0x080058e1   Thumb Code    34  hal_outputs.o(.text)
    inv_generate_hal_outputs                 0x08005903   Thumb Code   482  hal_outputs.o(.text)
    inv_stop_hal_outputs                     0x08005ae5   Thumb Code    16  hal_outputs.o(.text)
    inv_start_hal_outputs                    0x08005af5   Thumb Code    22  hal_outputs.o(.text)
    inv_init_hal_outputs                     0x08005b0b   Thumb Code    46  hal_outputs.o(.text)
    inv_enable_hal_outputs                   0x08005b39   Thumb Code    20  hal_outputs.o(.text)
    inv_disable_hal_outputs                  0x08005b4d   Thumb Code    20  hal_outputs.o(.text)
    inv_set_message                          0x08005b69   Thumb Code    24  message_layer.o(.text)
    inv_get_message_level_0                  0x08005b81   Thumb Code    16  message_layer.o(.text)
    inv_sinf                                 0x08005b95   Thumb Code    42  ml_math_func.o(.text)
    inv_cosf                                 0x08005bbf   Thumb Code    44  ml_math_func.o(.text)
    inv_q30_mult                             0x08005beb   Thumb Code    18  ml_math_func.o(.text)
    inv_q_mult                               0x08005bfd   Thumb Code   178  ml_math_func.o(.text)
    inv_q_invert                             0x08005caf   Thumb Code    24  ml_math_func.o(.text)
    inv_compass_angle                        0x08005cc7   Thumb Code   162  ml_math_func.o(.text)
    inv_get_gyro_sum_of_sqr                  0x08005d69   Thumb Code    28  ml_math_func.o(.text)
    inv_q29_mult                             0x08005d85   Thumb Code    18  ml_math_func.o(.text)
    inv_q30_div                              0x08005d97   Thumb Code    40  ml_math_func.o(.text)
    inv_q_shift_mult                         0x08005dbf   Thumb Code    32  ml_math_func.o(.text)
    inv_q_add                                0x08005ddf   Thumb Code    36  ml_math_func.o(.text)
    inv_vector_normalize                     0x08005e03   Thumb Code   182  ml_math_func.o(.text)
    inv_q_normalize                          0x08005eb9   Thumb Code    14  ml_math_func.o(.text)
    quaternion_to_rotation_angle             0x08005ec7   Thumb Code   112  ml_math_func.o(.text)
    inv_q_rotate                             0x08005f37   Thumb Code    66  ml_math_func.o(.text)
    inv_q_multf                              0x08005f79   Thumb Code   304  ml_math_func.o(.text)
    inv_q_addf                               0x080060a9   Thumb Code    50  ml_math_func.o(.text)
    inv_q_normalizef                         0x080060db   Thumb Code   366  ml_math_func.o(.text)
    inv_q_norm4                              0x08006249   Thumb Code   146  ml_math_func.o(.text)
    inv_q_invertf                            0x080062db   Thumb Code    30  ml_math_func.o(.text)
    inv_quaternion_to_rotation               0x080062f9   Thumb Code   218  ml_math_func.o(.text)
    inv_quaternion_to_rotation_vector        0x080063d3   Thumb Code    60  ml_math_func.o(.text)
    inv_int32_to_big8                        0x0800640f   Thumb Code    20  ml_math_func.o(.text)
    inv_big8_to_int32                        0x08006423   Thumb Code    26  ml_math_func.o(.text)
    inv_big8_to_int16                        0x0800643d   Thumb Code    14  ml_math_func.o(.text)
    inv_little8_to_int16                     0x0800644b   Thumb Code    14  ml_math_func.o(.text)
    inv_int16_to_big8                        0x08006459   Thumb Code    12  ml_math_func.o(.text)
    inv_matrix_det_inc                       0x08006465   Thumb Code   100  ml_math_func.o(.text)
    inv_matrix_det_incd                      0x080064c9   Thumb Code   108  ml_math_func.o(.text)
    inv_matrix_det                           0x08006535   Thumb Code   160  ml_math_func.o(.text)
    inv_matrix_detd                          0x080065d5   Thumb Code   220  ml_math_func.o(.text)
    inv_wrap_angle                           0x080066b1   Thumb Code    56  ml_math_func.o(.text)
    inv_angle_diff                           0x080066e9   Thumb Code    90  ml_math_func.o(.text)
    inv_checksum                             0x08006743   Thumb Code    30  ml_math_func.o(.text)
    inv_orientation_matrix_to_scalar         0x080067af   Thumb Code    40  ml_math_func.o(.text)
    inv_convert_to_body                      0x080067d7   Thumb Code    82  ml_math_func.o(.text)
    inv_convert_to_chip                      0x08006829   Thumb Code    82  ml_math_func.o(.text)
    inv_convert_to_body_with_scale           0x0800687b   Thumb Code   114  ml_math_func.o(.text)
    inv_vector_norm                          0x080068ed   Thumb Code    66  ml_math_func.o(.text)
    inv_init_biquad_filter                   0x0800692f   Thumb Code    34  ml_math_func.o(.text)
    inv_calc_state_to_match_output           0x08006951   Thumb Code    50  ml_math_func.o(.text)
    inv_biquad_filter_process                0x08006983   Thumb Code   104  ml_math_func.o(.text)
    inv_get_cross_product_vec                0x080069eb   Thumb Code    98  ml_math_func.o(.text)
    mlMatrixVectorMult                       0x08006a4d   Thumb Code    62  ml_math_func.o(.text)
    inv_init_mpl                             0x08006ae9   Thumb Code   106  mpl.o(.text)
    inv_get_version                          0x08006b53   Thumb Code    10  mpl.o(.text)
    inv_start_mpl                            0x08006b5d   Thumb Code    38  mpl.o(.text)
    inv_store_gaming_quaternion              0x08006bc9   Thumb Code    30  results_holder.o(.text)
    inv_set_compass_correction               0x08006be7   Thumb Code    30  results_holder.o(.text)
    inv_get_compass_correction               0x08006c05   Thumb Code    20  results_holder.o(.text)
    inv_get_large_mag_field                  0x08006c19   Thumb Code     6  results_holder.o(.text)
    inv_set_large_mag_field                  0x08006c1f   Thumb Code     6  results_holder.o(.text)
    inv_get_acc_state                        0x08006c25   Thumb Code     6  results_holder.o(.text)
    inv_set_acc_state                        0x08006c2b   Thumb Code     6  results_holder.o(.text)
    inv_get_motion_state                     0x08006c31   Thumb Code    16  results_holder.o(.text)
    inv_set_motion_state                     0x08006c41   Thumb Code    74  results_holder.o(.text)
    inv_set_local_field                      0x08006c8b   Thumb Code    14  results_holder.o(.text)
    inv_get_local_field                      0x08006c99   Thumb Code    12  results_holder.o(.text)
    inv_set_mag_scale                        0x08006ca5   Thumb Code    14  results_holder.o(.text)
    inv_get_mag_scale                        0x08006cb3   Thumb Code    12  results_holder.o(.text)
    inv_get_gravity                          0x08006cbf   Thumb Code    90  results_holder.o(.text)
    inv_get_6axis_quaternion                 0x08006d19   Thumb Code    18  results_holder.o(.text)
    inv_get_quaternion                       0x08006d2b   Thumb Code    54  results_holder.o(.text)
    inv_get_quaternion_float                 0x08006d61   Thumb Code    50  results_holder.o(.text)
    inv_get_quaternion_set                   0x08006d93   Thumb Code    68  results_holder.o(.text)
    inv_generate_results                     0x08006dd7   Thumb Code    12  results_holder.o(.text)
    inv_start_results_holder                 0x08006de3   Thumb Code    20  results_holder.o(.text)
    inv_init_results_holder                  0x08006df7   Thumb Code    46  results_holder.o(.text)
    inv_enable_results_holder                0x08006e25   Thumb Code    28  results_holder.o(.text)
    inv_got_accel_bias                       0x08006e41   Thumb Code     6  results_holder.o(.text)
    inv_set_accel_bias_found                 0x08006e47   Thumb Code     6  results_holder.o(.text)
    inv_got_compass_bias                     0x08006e4d   Thumb Code     6  results_holder.o(.text)
    inv_set_compass_bias_found               0x08006e53   Thumb Code     6  results_holder.o(.text)
    inv_set_compass_state                    0x08006e59   Thumb Code     6  results_holder.o(.text)
    inv_get_compass_state                    0x08006e5f   Thumb Code     6  results_holder.o(.text)
    inv_set_compass_bias_error               0x08006e65   Thumb Code    14  results_holder.o(.text)
    inv_get_compass_bias_error               0x08006e73   Thumb Code    12  results_holder.o(.text)
    inv_get_linear_accel                     0x08006e7f   Thumb Code    60  results_holder.o(.text)
    inv_get_accel                            0x08006ebb   Thumb Code    24  results_holder.o(.text)
    inv_get_accel_float                      0x08006ed3   Thumb Code    56  results_holder.o(.text)
    inv_get_gyro_float                       0x08006f0b   Thumb Code    58  results_holder.o(.text)
    inv_set_heading_confidence_interval      0x08006f45   Thumb Code     8  results_holder.o(.text)
    inv_get_heading_confidence_interval      0x08006f4d   Thumb Code     8  results_holder.o(.text)
    inv_get_linear_accel_float               0x08006f55   Thumb Code    56  results_holder.o(.text)
    inv_init_start_manager                   0x08006fad   Thumb Code    14  start_manager.o(.text)
    inv_unregister_mpl_start_notification    0x08006fbb   Thumb Code    86  start_manager.o(.text)
    inv_register_mpl_start_notification      0x08007011   Thumb Code    38  start_manager.o(.text)
    inv_execute_mpl_start_notification       0x08007037   Thumb Code    40  start_manager.o(.text)
    inv_init_storage_manager                 0x08007065   Thumb Code    20  storage_manager.o(.text)
    inv_register_load_store                  0x08007079   Thumb Code   134  storage_manager.o(.text)
    inv_get_mpl_state_size                   0x080070ff   Thumb Code    12  storage_manager.o(.text)
    inv_load_mpl_states                      0x08007137   Thumb Code   174  storage_manager.o(.text)
    inv_save_mpl_states                      0x080071e5   Thumb Code   158  storage_manager.o(.text)
    MPU6050_mpu_init                         0x08007289   Thumb Code    20  mpu6050_sl.o(.text)
    MPU6050_mpl_init                         0x0800729d   Thumb Code    18  mpu6050_sl.o(.text)
    MPU6050_config                           0x080072af   Thumb Code   262  mpu6050_sl.o(.text)
    MPU6050_data_ready_cb                    0x080073b5   Thumb Code     8  mpu6050_sl.o(.text)
    setup_gyro                               0x080073bd   Thumb Code    86  mpu6050_sl.o(.text)
    MPU6050_get_sensor                       0x08007413   Thumb Code   160  mpu6050_sl.o(.text)
    main                                     0x0800750d   Thumb Code   842  main.o(.text)
    NMI_Handler                              0x0800796d   Thumb Code     2  stm32f10x_it.o(.text)
    HardFault_Handler                        0x0800796f   Thumb Code     4  stm32f10x_it.o(.text)
    MemManage_Handler                        0x08007973   Thumb Code     4  stm32f10x_it.o(.text)
    BusFault_Handler                         0x08007977   Thumb Code     4  stm32f10x_it.o(.text)
    UsageFault_Handler                       0x0800797b   Thumb Code     4  stm32f10x_it.o(.text)
    SVC_Handler                              0x0800797f   Thumb Code     2  stm32f10x_it.o(.text)
    DebugMon_Handler                         0x08007981   Thumb Code     2  stm32f10x_it.o(.text)
    PendSV_Handler                           0x08007983   Thumb Code     2  stm32f10x_it.o(.text)
    SysTick_Handler                          0x08007985   Thumb Code    44  stm32f10x_it.o(.text)
    EXTI15_10_IRQHandler                     0x080079b1   Thumb Code    32  stm32f10x_it.o(.text)
    LED_GPIO_Config                          0x080079d9   Thumb Code    68  bsp_led.o(.text)
    SysTick_Init                             0x08007a21   Thumb Code   108  bsp_systick.o(.text)
    mdelay                                   0x08007a8d   Thumb Code    16  bsp_systick.o(.text)
    get_tick_count                           0x08007a9d   Thumb Code    12  bsp_systick.o(.text)
    TimingDelay_Decrement                    0x08007aa9   Thumb Code    18  bsp_systick.o(.text)
    TimeStamp_Increment                      0x08007abb   Thumb Code    12  bsp_systick.o(.text)
    MPU6050_ReadData                         0x08007add   Thumb Code    28  mpu6050.o(.text)
    MPU6050_WriteReg                         0x08007af9   Thumb Code    28  mpu6050.o(.text)
    MPU_INT_Init                             0x08007b3b   Thumb Code    80  mpu6050.o(.text)
    MPU6050_Init                             0x08007b8b   Thumb Code   110  mpu6050.o(.text)
    MPU6050ReadID                            0x08007bf9   Thumb Code    50  mpu6050.o(.text)
    MPU6050ReadAcc                           0x08007c2b   Thumb Code    66  mpu6050.o(.text)
    MPU6050ReadGyro                          0x08007c6d   Thumb Code    66  mpu6050.o(.text)
    MPU6050ReadTemp                          0x08007caf   Thumb Code    34  mpu6050.o(.text)
    MPU6050_ReturnTemp                       0x08007cd1   Thumb Code    74  mpu6050.o(.text)
    USART_Config                             0x08007d4d   Thumb Code   120  bsp_usart.o(.text)
    fputc                                    0x08007dc5   Thumb Code    32  bsp_usart.o(.text)
    fgetc                                    0x08007de5   Thumb Code    26  bsp_usart.o(.text)
    MPU_I2C_Config                           0x08007e09   Thumb Code   112  bsp_hard_i2c.o(.text)
    WaitEvent                                0x08007e79   Thumb Code    34  bsp_hard_i2c.o(.text)
    I2C_ByteWrite                            0x08007e9b   Thumb Code   142  bsp_hard_i2c.o(.text)
    I2C_BufferRead                           0x08007f29   Thumb Code   210  bsp_hard_i2c.o(.text)
    inv_init_maxmin                          0x08008011   Thumb Code    78  fast_no_motion.o(.text)
    inv_fast_nomot_parameter                 0x0800805f   Thumb Code   318  fast_no_motion.o(.text)
    inv_fast_nomot_parameter_3rd             0x0800819d   Thumb Code   180  fast_no_motion.o(.text)
    inv_fast_nomot_set_gyro_bias             0x08008251   Thumb Code   232  fast_no_motion.o(.text)
    inv_set_fast_nomot_compass_threshold     0x08008339   Thumb Code     8  fast_no_motion.o(.text)
    int_set_fast_nomot_gyro_threshold        0x08008341   Thumb Code     8  fast_no_motion.o(.text)
    inv_set_fast_nomot_accel_threshold       0x08008349   Thumb Code     8  fast_no_motion.o(.text)
    inv_get_fast_nomot_compass_param         0x08008351   Thumb Code    18  fast_no_motion.o(.text)
    inv_get_fast_nomot_accel_param           0x08008363   Thumb Code    18  fast_no_motion.o(.text)
    inv_fast_nomot_store_data                0x08008375   Thumb Code   140  fast_no_motion.o(.text)
    inv_fast_nomot_store_data_compass        0x08008401   Thumb Code    74  fast_no_motion.o(.text)
    inv_fast_nomot_reset_data_compass        0x0800844b   Thumb Code    36  fast_no_motion.o(.text)
    inv_fast_nomot_get_time_elaps            0x0800846f   Thumb Code     8  fast_no_motion.o(.text)
    inv_fast_nomot_parameter_compass         0x08008477   Thumb Code    22  fast_no_motion.o(.text)
    inv_get_right_shift_by_rounding          0x0800848d   Thumb Code    76  fast_no_motion.o(.text)
    inv_reset_min_max_gyro_accel_statistics  0x080084d9   Thumb Code    38  fast_no_motion.o(.text)
    inv_record_max_moment_in_no_motion_gyro  0x080084ff   Thumb Code    32  fast_no_motion.o(.text)
    inv_record_max_moment_in_no_motion_accel 0x0800851f   Thumb Code    32  fast_no_motion.o(.text)
    inv_record_min_moment_in_motion_gyro     0x0800853f   Thumb Code    34  fast_no_motion.o(.text)
    inv_record_min_moment_in_motion_accel    0x08008561   Thumb Code    34  fast_no_motion.o(.text)
    inv_detect_motion_by_gyro_accel          0x08008583   Thumb Code   214  fast_no_motion.o(.text)
    inv_sensor_data_preprocess               0x08008659   Thumb Code   132  fast_no_motion.o(.text)
    inv_generate_fast_nomot                  0x080086dd   Thumb Code   498  fast_no_motion.o(.text)
    inv_set_default_number_of_samples        0x080088cf   Thumb Code    56  fast_no_motion.o(.text)
    inv_init_fast_nomot                      0x08008907   Thumb Code    78  fast_no_motion.o(.text)
    inv_start_fast_nomot                     0x08008955   Thumb Code    56  fast_no_motion.o(.text)
    inv_stop_fast_nomot                      0x0800898d   Thumb Code    20  fast_no_motion.o(.text)
    inv_enable_fast_nomot                    0x080089a1   Thumb Code    24  fast_no_motion.o(.text)
    inv_disable_fast_nomot                   0x080089b9   Thumb Code    18  fast_no_motion.o(.text)
    inv_get_fnm_gyro_no_motion_param         0x080089cb   Thumb Code     8  fast_no_motion.o(.text)
    inv_fnm_debug_print                      0x080089d3   Thumb Code     2  fast_no_motion.o(.text)
    inv_filter_correction_angle              0x08008a05   Thumb Code   364  fusion_9axis.o(.text)
    inv_perform_9x_fusion                    0x08008b71   Thumb Code   840  fusion_9axis.o(.text)
    inv_process_9x_sensor_fusion_cb          0x08008eb9   Thumb Code   120  fusion_9axis.o(.text)
    inv_init_9x_fusion                       0x08008f31   Thumb Code    50  fusion_9axis.o(.text)
    inv_9x_fusion_set_mag_fb                 0x08008f63   Thumb Code    10  fusion_9axis.o(.text)
    inv_9x_fusion_enable_jitter_reduction    0x08008f6d   Thumb Code    10  fusion_9axis.o(.text)
    inv_9x_fusion_use_timestamps             0x08008f77   Thumb Code    10  fusion_9axis.o(.text)
    inv_start_9x_sensor_fusion               0x08008f81   Thumb Code    14  fusion_9axis.o(.text)
    inv_stop_9x_sensor_fusion                0x08008f8f   Thumb Code     8  fusion_9axis.o(.text)
    inv_enable_9x_sensor_fusion              0x08008f97   Thumb Code    30  fusion_9axis.o(.text)
    inv_disable_9x_sensor_fusion             0x08008fb5   Thumb Code     8  fusion_9axis.o(.text)
    inv_init_gyro_ts                         0x080093db   Thumb Code    46  gyro_tc.o(.text)
    inv_set_gtc_max_temp                     0x08009409   Thumb Code    10  gyro_tc.o(.text)
    inv_set_gtc_min_temp                     0x08009413   Thumb Code    10  gyro_tc.o(.text)
    inv_set_gtc_min_diff                     0x0800941d   Thumb Code    10  gyro_tc.o(.text)
    inv_get_gyro_ts                          0x08009427   Thumb Code    30  gyro_tc.o(.text)
    inv_set_gyro_ts                          0x08009445   Thumb Code    16  gyro_tc.o(.text)
    inv_set_gtc_order                        0x08009455   Thumb Code    16  gyro_tc.o(.text)
    inv_print_gtc_data                       0x08009465   Thumb Code    62  gyro_tc.o(.text)
    inv_start_gyro_tc                        0x080094a3   Thumb Code    10  gyro_tc.o(.text)
    inv_stop_gyro_tc                         0x080094ad   Thumb Code     6  gyro_tc.o(.text)
    inv_enable_gyro_tc                       0x080094b3   Thumb Code    48  gyro_tc.o(.text)
    inv_disable_gyro_tc                      0x080094e3   Thumb Code    40  gyro_tc.o(.text)
    inv_generate_gyro_quaternion             0x080098ad   Thumb Code   260  quaternion_supervisor.o(.text)
    inv_set_quaternion                       0x08009b9f   Thumb Code    38  quaternion_supervisor.o(.text)
    inv_generate_accel_gyro_quaternion       0x08009bc5   Thumb Code   428  quaternion_supervisor.o(.text)
    inv_stop_quaternion                      0x08009db9   Thumb Code     6  quaternion_supervisor.o(.text)
    inv_init_quaternion                      0x08009dbf   Thumb Code    34  quaternion_supervisor.o(.text)
    inv_start_quaternion                     0x08009de1   Thumb Code    34  quaternion_supervisor.o(.text)
    inv_enable_quaternion                    0x08009e03   Thumb Code    24  quaternion_supervisor.o(.text)
    inv_disable_quaternion                   0x08009e1b   Thumb Code    20  quaternion_supervisor.o(.text)
    inv_set_magnetic_disturbance             0x08009e5d   Thumb Code    16  mag_disturb.o(.text)
    inv_init_magnetic_disturbance            0x08009e6d   Thumb Code    50  mag_disturb.o(.text)
    MagDisturbSetDisturbance                 0x08009e9f   Thumb Code    98  mag_disturb.o(.text)
    MagDisturbCheckSettling                  0x08009f01   Thumb Code    54  mag_disturb.o(.text)
    ComputeAngleVelocity                     0x08009f37   Thumb Code    94  mag_disturb.o(.text)
    inv_disable_dip_tracking                 0x08009f95   Thumb Code    10  mag_disturb.o(.text)
    Mag3ofNormalizedLong                     0x08009f9f   Thumb Code    72  mag_disturb.o(.text)
    inv_track_dip_angle                      0x08009fe7   Thumb Code   114  mag_disturb.o(.text)
    inv_check_magnetic_disturbance           0x0800a059   Thumb Code   690  mag_disturb.o(.text)
    inv_magnetic_disturbance_process         0x0800a30b   Thumb Code    50  mag_disturb.o(.text)
    inv_start_magnetic_disturbance           0x0800a33d   Thumb Code    14  mag_disturb.o(.text)
    inv_stop_magnetic_disturbance            0x0800a34b   Thumb Code     8  mag_disturb.o(.text)
    inv_enable_magnetic_disturbance          0x0800a353   Thumb Code    40  mag_disturb.o(.text)
    inv_disable_magnetic_disturbance         0x0800a37b   Thumb Code    22  mag_disturb.o(.text)
    inv_enable_dip_tracking                  0x0800a391   Thumb Code    14  mag_disturb.o(.text)
    inv_get_magnetic_disturbance_state       0x0800a39f   Thumb Code     8  mag_disturb.o(.text)
    __aeabi_ldivmod                          0x0800a3ad   Thumb Code    98  ldiv.o(.text)
    __aeabi_llsl                             0x0800a40f   Thumb Code    30  llshl.o(.text)
    _ll_shift_l                              0x0800a40f   Thumb Code     0  llshl.o(.text)
    __aeabi_lasr                             0x0800a42d   Thumb Code    36  llsshr.o(.text)
    _ll_sshift_r                             0x0800a42d   Thumb Code     0  llsshr.o(.text)
    ___aeabi_memcpy4$move                    0x0800a451   Thumb Code     0  memmovea.o(.text)
    ___aeabi_memcpy8$move                    0x0800a451   Thumb Code     0  memmovea.o(.text)
    __aeabi_memcpy                           0x0800a451   Thumb Code    64  memmovea.o(.text)
    __aeabi_memmove                          0x0800a451   Thumb Code     0  memmovea.o(.text)
    __aeabi_memmove4                         0x0800a451   Thumb Code     0  memmovea.o(.text)
    __aeabi_memmove8                         0x0800a451   Thumb Code     0  memmovea.o(.text)
    __aeabi_memset                           0x0800a491   Thumb Code    14  memseta.o(.text)
    __aeabi_memset4                          0x0800a491   Thumb Code     0  memseta.o(.text)
    __aeabi_memset8                          0x0800a491   Thumb Code     0  memseta.o(.text)
    __aeabi_memclr                           0x0800a49f   Thumb Code     4  memseta.o(.text)
    __aeabi_memclr4                          0x0800a49f   Thumb Code     0  memseta.o(.text)
    __aeabi_memclr8                          0x0800a49f   Thumb Code     0  memseta.o(.text)
    _memset$wrapper                          0x0800a4a3   Thumb Code    18  memseta.o(.text)
    memcmp                                   0x0800a4b5   Thumb Code    26  memcmp.o(.text)
    __aeabi_fadd                             0x0800a4cf   Thumb Code   164  fadd.o(.text)
    __aeabi_fsub                             0x0800a573   Thumb Code     6  fadd.o(.text)
    __aeabi_frsub                            0x0800a579   Thumb Code     6  fadd.o(.text)
    __aeabi_fmul                             0x0800a57f   Thumb Code   100  fmul.o(.text)
    __aeabi_fdiv                             0x0800a5e3   Thumb Code   124  fdiv.o(.text)
    __ARM_scalbnf                            0x0800a65f   Thumb Code    24  fscalb.o(.text)
    scalbnf                                  0x0800a65f   Thumb Code     0  fscalb.o(.text)
    __aeabi_dadd                             0x0800a677   Thumb Code   322  dadd.o(.text)
    __aeabi_dsub                             0x0800a7b9   Thumb Code     6  dadd.o(.text)
    __aeabi_drsub                            0x0800a7bf   Thumb Code     6  dadd.o(.text)
    __aeabi_dmul                             0x0800a7c5   Thumb Code   228  dmul.o(.text)
    __aeabi_ddiv                             0x0800a8a9   Thumb Code   222  ddiv.o(.text)
    __ARM_scalbn                             0x0800a987   Thumb Code    46  dscalb.o(.text)
    scalbn                                   0x0800a987   Thumb Code     0  dscalb.o(.text)
    __aeabi_i2f                              0x0800a9b5   Thumb Code    18  fflti.o(.text)
    __aeabi_ui2f                             0x0800a9c7   Thumb Code    10  ffltui.o(.text)
    __aeabi_l2f                              0x0800a9d1   Thumb Code    44  ffltl.o(.text)
    __aeabi_i2d                              0x0800a9fd   Thumb Code    34  dflti.o(.text)
    __aeabi_f2iz                             0x0800aa1f   Thumb Code    50  ffixi.o(.text)
    __aeabi_f2uiz                            0x0800aa51   Thumb Code    40  ffixui.o(.text)
    __aeabi_f2lz                             0x0800aa79   Thumb Code    66  ffixl.o(.text)
    __aeabi_d2iz                             0x0800aabb   Thumb Code    62  dfixi.o(.text)
    __aeabi_f2d                              0x0800aaf9   Thumb Code    38  f2d.o(.text)
    __aeabi_cdcmpeq                          0x0800ab21   Thumb Code     0  cdcmple.o(.text)
    __aeabi_cdcmple                          0x0800ab21   Thumb Code    48  cdcmple.o(.text)
    __aeabi_cdrcmple                         0x0800ab51   Thumb Code    48  cdrcmple.o(.text)
    __aeabi_d2f                              0x0800ab81   Thumb Code    56  d2f.o(.text)
    __aeabi_cfcmpeq                          0x0800abb9   Thumb Code     0  cfcmple.o(.text)
    __aeabi_cfcmple                          0x0800abb9   Thumb Code    20  cfcmple.o(.text)
    __aeabi_cfrcmple                         0x0800abcd   Thumb Code    20  cfrcmple.o(.text)
    __aeabi_uidiv                            0x0800abe1   Thumb Code     0  uidiv.o(.text)
    __aeabi_uidivmod                         0x0800abe1   Thumb Code    44  uidiv.o(.text)
    __aeabi_uldivmod                         0x0800ac0d   Thumb Code    98  uldiv.o(.text)
    __aeabi_llsr                             0x0800ac6f   Thumb Code    32  llushr.o(.text)
    _ll_ushift_r                             0x0800ac6f   Thumb Code     0  llushr.o(.text)
    __I$use$fp                               0x0800ac8f   Thumb Code     0  iusefp.o(.text)
    _float_round                             0x0800ac8f   Thumb Code    18  fepilogue.o(.text)
    _float_epilogue                          0x0800aca1   Thumb Code    92  fepilogue.o(.text)
    _fsqrt                                   0x0800acfd   Thumb Code    94  fsqrt.o(.text)
    _frnd                                    0x0800ad5b   Thumb Code    60  frnd.o(.text)
    _double_round                            0x0800ad97   Thumb Code    30  depilogue.o(.text)
    _double_epilogue                         0x0800adb5   Thumb Code   156  depilogue.o(.text)
    _dsqrt                                   0x0800ae51   Thumb Code   162  dsqrt.o(.text)
    __aeabi_d2ulz                            0x0800aef3   Thumb Code    48  dfixul.o(.text)
    __scatterload                            0x0800af25   Thumb Code    28  init.o(.text)
    __scatterload_rt2                        0x0800af25   Thumb Code     0  init.o(.text)
    __0printf                                0x0800af49   Thumb Code    22  printfa.o(i.__0printf)
    __1printf                                0x0800af49   Thumb Code     0  printfa.o(i.__0printf)
    __2printf                                0x0800af49   Thumb Code     0  printfa.o(i.__0printf)
    __c89printf                              0x0800af49   Thumb Code     0  printfa.o(i.__0printf)
    printf                                   0x0800af49   Thumb Code     0  printfa.o(i.__0printf)
    __0vsprintf                              0x0800af69   Thumb Code    30  printfa.o(i.__0vsprintf)
    __1vsprintf                              0x0800af69   Thumb Code     0  printfa.o(i.__0vsprintf)
    __2vsprintf                              0x0800af69   Thumb Code     0  printfa.o(i.__0vsprintf)
    __c89vsprintf                            0x0800af69   Thumb Code     0  printfa.o(i.__0vsprintf)
    vsprintf                                 0x0800af69   Thumb Code     0  printfa.o(i.__0vsprintf)
    __ARM_fpclassifyf                        0x0800af8d   Thumb Code    38  fpclassifyf.o(i.__ARM_fpclassifyf)
    __kernel_poly                            0x0800afb3   Thumb Code   170  poly.o(i.__kernel_poly)
    __mathlib_dbl_infnan                     0x0800b05d   Thumb Code     6  dunder.o(i.__mathlib_dbl_infnan)
    __mathlib_dbl_invalid                    0x0800b063   Thumb Code    12  dunder.o(i.__mathlib_dbl_invalid)
    __mathlib_flt_infnan                     0x0800b06f   Thumb Code     6  funder.o(i.__mathlib_flt_infnan)
    __mathlib_flt_infnan2                    0x0800b075   Thumb Code     4  funder.o(i.__mathlib_flt_infnan2)
    __mathlib_flt_invalid                    0x0800b079   Thumb Code     8  funder.o(i.__mathlib_flt_invalid)
    __mathlib_flt_underflow                  0x0800b081   Thumb Code    10  funder.o(i.__mathlib_flt_underflow)
    __mathlib_rredf2                         0x0800b08d   Thumb Code   344  rredf.o(i.__mathlib_rredf2)
    __scatterload_copy                       0x0800b1f5   Thumb Code    14  handlers.o(i.__scatterload_copy)
    __scatterload_null                       0x0800b203   Thumb Code     2  handlers.o(i.__scatterload_null)
    __scatterload_zeroinit                   0x0800b205   Thumb Code    14  handlers.o(i.__scatterload_zeroinit)
    __set_errno                              0x0800b215   Thumb Code     6  errno.o(i.__set_errno)
    acos                                     0x0800bab5   Thumb Code   574  acos.o(i.acos)
    acosf                                    0x0800bd31   Thumb Code   242  acosf.o(i.acosf)
    asinf                                    0x0800be4d   Thumb Code   254  asinf.o(i.asinf)
    atan2f                                   0x0800bf71   Thumb Code   598  atan2f.o(i.atan2f)
    cosf                                     0x0800c215   Thumb Code   328  cosf.o(i.cosf)
    sinf                                     0x0800c391   Thumb Code   338  sinf.o(i.sinf)
    sqrt                                     0x0800c519   Thumb Code    76  sqrt.o(i.sqrt)
    sqrtf                                    0x0800c565   Thumb Code    44  sqrtf.o(i.sqrtf)
    reg                                      0x0800c590   Data          30  inv_mpu.o(.constdata)
    hw                                       0x0800c5ae   Data          12  inv_mpu.o(.constdata)
    test                                     0x0800c5bc   Data          40  inv_mpu.o(.constdata)
    sin_lookup                               0x0800d1dc   Data        1024  ml_math_func.o(.constdata)
    ml_ver                                   0x0800d5dc   Data          20  mpl.o(.constdata)
    Region$$Table$$Base                      0x0800d718   Number         0  anon$$obj.o(Region$$Table)
    Region$$Table$$Limit                     0x0800d738   Number         0  anon$$obj.o(Region$$Table)
    SystemCoreClock                          0x20000000   Data           4  system_stm32f10x.o(.data)
    AHBPrescTable                            0x20000004   Data          16  system_stm32f10x.o(.data)
    compass_low_pass_filter_coeff            0x20000054   Data          20  hal_outputs.o(.data)
    mpl_key                                  0x2000006c   Data           4  mpu6050_sl.o(.data)
    gyro_pdata                               0x20000070   Data           9  mpu6050_sl.o(.data)
    Task_Delay                               0x2000007c   Data           8  stm32f10x_it.o(.data)
    Task_Delay_Group                         0x20000084   Data           8  stm32f10x_it.o(.data)
    task_readdata_finish                     0x2000008c   Data           4  stm32f10x_it.o(.data)
    g_ul_ms_ticks                            0x20000090   Data           4  bsp_systick.o(.data)
    __stdout                                 0x20000098   Data           4  stdout.o(.data)
    sensors                                  0x20000218   Data         408  data_builder.o(.bss)
    hal                                      0x200006e8   Data          36  mpu6050_sl.o(.bss)
    fnm                                      0x20000710   Data         608  fast_no_motion.o(.bss)
    s9axis                                   0x200009b0   Data         312  fusion_9axis.o(.bss)
    mag_disturb                              0x20000d18   Data         184  mag_disturb.o(.bss)
    __initial_sp                             0x200011d0   Data           0  startup_stm32f10x_md.o(STACK)



==============================================================================

Memory Map of the image

  Image Entry point : 0x080000ed

  Load Region LR_IROM1 (Base: 0x08000000, Size: 0x0000d7d8, Max: 0x00010000, ABSOLUTE)

    Execution Region ER_IROM1 (Exec base: 0x08000000, Load base: 0x08000000, Size: 0x0000d738, Max: 0x00010000, ABSOLUTE)

    Exec Addr    Load Addr    Size         Type   Attr      Idx    E Section Name        Object

    0x08000000   0x08000000   0x000000ec   Data   RO            3    RESET               startup_stm32f10x_md.o
    0x080000ec   0x080000ec   0x00000000   Code   RO         1216  * .ARM.Collect$$$$00000000  mc_w.l(entry.o)
    0x080000ec   0x080000ec   0x00000004   Code   RO         1594    .ARM.Collect$$$$00000001  mc_w.l(entry2.o)
    0x080000f0   0x080000f0   0x00000004   Code   RO         1597    .ARM.Collect$$$$00000004  mc_w.l(entry5.o)
    0x080000f4   0x080000f4   0x00000000   Code   RO         1599    .ARM.Collect$$$$00000008  mc_w.l(entry7b.o)
    0x080000f4   0x080000f4   0x00000000   Code   RO         1601    .ARM.Collect$$$$0000000A  mc_w.l(entry8b.o)
    0x080000f4   0x080000f4   0x00000008   Code   RO         1602    .ARM.Collect$$$$0000000B  mc_w.l(entry9a.o)
    0x080000fc   0x080000fc   0x00000004   Code   RO         1609    .ARM.Collect$$$$0000000E  mc_w.l(entry12b.o)
    0x08000100   0x08000100   0x00000000   Code   RO         1604    .ARM.Collect$$$$0000000F  mc_w.l(entry10a.o)
    0x08000100   0x08000100   0x00000000   Code   RO         1606    .ARM.Collect$$$$00000011  mc_w.l(entry11a.o)
    0x08000100   0x08000100   0x00000004   Code   RO         1595    .ARM.Collect$$$$00002712  mc_w.l(entry2.o)
    0x08000104   0x08000104   0x00000024   Code   RO            4    .text               startup_stm32f10x_md.o
    0x08000128   0x08000128   0x000001e0   Code   RO           24    .text               system_stm32f10x.o
    0x08000308   0x08000308   0x000000dc   Code   RO          121    .text               misc.o
    0x080003e4   0x080003e4   0x0000011c   Code   RO          233    .text               stm32f10x_exti.o
    0x08000500   0x08000500   0x0000035c   Code   RO          269    .text               stm32f10x_gpio.o
    0x0800085c   0x0800085c   0x00000404   Code   RO          281    .text               stm32f10x_i2c.o
    0x08000c60   0x08000c60   0x000003a4   Code   RO          317    .text               stm32f10x_rcc.o
    0x08001004   0x08001004   0x00000408   Code   RO          379    .text               stm32f10x_usart.o
    0x0800140c   0x0800140c   0x00001eec   Code   RO          403    .text               inv_mpu.o
    0x080032f8   0x080032f8   0x00000d74   Code   RO          448    .text               inv_mpu_dmp_motion_driver.o
    0x0800406c   0x0800406c   0x00000320   Code   RO          476    .text               log_stm32.o
    0x0800438c   0x0800438c   0x000004d4   Code   RO          506    .text               empl_outputs.o
    0x08004860   0x08004860   0x00000c68   Code   RO          541    .text               data_builder.o
    0x080054c8   0x080054c8   0x000006a0   Code   RO          576    .text               hal_outputs.o
    0x08005b68   0x08005b68   0x0000002c   Code   RO          595    .text               message_layer.o
    0x08005b94   0x08005b94   0x00000f38   Code   RO          609    .text               ml_math_func.o
    0x08006acc   0x08006acc   0x000000fc   Code   RO          642    .text               mpl.o
    0x08006bc8   0x08006bc8   0x000003e4   Code   RO          663    .text               results_holder.o
    0x08006fac   0x08006fac   0x000000b8   Code   RO          677    .text               start_manager.o
    0x08007064   0x08007064   0x00000224   Code   RO          691    .text               storage_manager.o
    0x08007288   0x08007288   0x00000284   Code   RO          705    .text               mpu6050_sl.o
    0x0800750c   0x0800750c   0x00000460   Code   RO          767    .text               main.o
    0x0800796c   0x0800796c   0x0000006c   Code   RO          796    .text               stm32f10x_it.o
    0x080079d8   0x080079d8   0x00000048   Code   RO          815    .text               bsp_led.o
    0x08007a20   0x08007a20   0x000000bc   Code   RO          827    .text               bsp_systick.o
    0x08007adc   0x08007adc   0x00000270   Code   RO          846    .text               mpu6050.o
    0x08007d4c   0x08007d4c   0x000000bc   Code   RO          859    .text               bsp_usart.o
    0x08007e08   0x08007e08   0x00000208   Code   RO          871    .text               bsp_hard_i2c.o
    0x08008010   0x08008010   0x000009f4   Code   RO          901    .text               libmpllib.lib(fast_no_motion.o)
    0x08008a04   0x08008a04   0x0000065c   Code   RO          992    .text               libmpllib.lib(fusion_9axis.o)
    0x08009060   0x08009060   0x000004bc   Code   RO         1017    .text               libmpllib.lib(gyro_tc.o)
    0x0800951c   0x0800951c   0x00000940   Code   RO         1038    .text               libmpllib.lib(quaternion_supervisor.o)
    0x08009e5c   0x08009e5c   0x00000550   Code   RO         1056    .text               libmpllib.lib(mag_disturb.o)
    0x0800a3ac   0x0800a3ac   0x00000062   Code   RO         1219    .text               mc_w.l(ldiv.o)
    0x0800a40e   0x0800a40e   0x0000001e   Code   RO         1221    .text               mc_w.l(llshl.o)
    0x0800a42c   0x0800a42c   0x00000024   Code   RO         1223    .text               mc_w.l(llsshr.o)
    0x0800a450   0x0800a450   0x00000040   Code   RO         1227    .text               mc_w.l(memmovea.o)
    0x0800a490   0x0800a490   0x00000024   Code   RO         1229    .text               mc_w.l(memseta.o)
    0x0800a4b4   0x0800a4b4   0x0000001a   Code   RO         1231    .text               mc_w.l(memcmp.o)
    0x0800a4ce   0x0800a4ce   0x000000b0   Code   RO         1498    .text               mf_w.l(fadd.o)
    0x0800a57e   0x0800a57e   0x00000064   Code   RO         1500    .text               mf_w.l(fmul.o)
    0x0800a5e2   0x0800a5e2   0x0000007c   Code   RO         1502    .text               mf_w.l(fdiv.o)
    0x0800a65e   0x0800a65e   0x00000018   Code   RO         1504    .text               mf_w.l(fscalb.o)
    0x0800a676   0x0800a676   0x0000014e   Code   RO         1506    .text               mf_w.l(dadd.o)
    0x0800a7c4   0x0800a7c4   0x000000e4   Code   RO         1508    .text               mf_w.l(dmul.o)
    0x0800a8a8   0x0800a8a8   0x000000de   Code   RO         1510    .text               mf_w.l(ddiv.o)
    0x0800a986   0x0800a986   0x0000002e   Code   RO         1512    .text               mf_w.l(dscalb.o)
    0x0800a9b4   0x0800a9b4   0x00000012   Code   RO         1514    .text               mf_w.l(fflti.o)
    0x0800a9c6   0x0800a9c6   0x0000000a   Code   RO         1516    .text               mf_w.l(ffltui.o)
    0x0800a9d0   0x0800a9d0   0x0000002c   Code   RO         1518    .text               mf_w.l(ffltl.o)
    0x0800a9fc   0x0800a9fc   0x00000022   Code   RO         1520    .text               mf_w.l(dflti.o)
    0x0800aa1e   0x0800aa1e   0x00000032   Code   RO         1522    .text               mf_w.l(ffixi.o)
    0x0800aa50   0x0800aa50   0x00000028   Code   RO         1524    .text               mf_w.l(ffixui.o)
    0x0800aa78   0x0800aa78   0x00000042   Code   RO         1526    .text               mf_w.l(ffixl.o)
    0x0800aaba   0x0800aaba   0x0000003e   Code   RO         1528    .text               mf_w.l(dfixi.o)
    0x0800aaf8   0x0800aaf8   0x00000026   Code   RO         1530    .text               mf_w.l(f2d.o)
    0x0800ab1e   0x0800ab1e   0x00000002   PAD
    0x0800ab20   0x0800ab20   0x00000030   Code   RO         1532    .text               mf_w.l(cdcmple.o)
    0x0800ab50   0x0800ab50   0x00000030   Code   RO         1534    .text               mf_w.l(cdrcmple.o)
    0x0800ab80   0x0800ab80   0x00000038   Code   RO         1536    .text               mf_w.l(d2f.o)
    0x0800abb8   0x0800abb8   0x00000014   Code   RO         1538    .text               mf_w.l(cfcmple.o)
    0x0800abcc   0x0800abcc   0x00000014   Code   RO         1540    .text               mf_w.l(cfrcmple.o)
    0x0800abe0   0x0800abe0   0x0000002c   Code   RO         1611    .text               mc_w.l(uidiv.o)
    0x0800ac0c   0x0800ac0c   0x00000062   Code   RO         1613    .text               mc_w.l(uldiv.o)
    0x0800ac6e   0x0800ac6e   0x00000020   Code   RO         1615    .text               mc_w.l(llushr.o)
    0x0800ac8e   0x0800ac8e   0x00000000   Code   RO         1624    .text               mc_w.l(iusefp.o)
    0x0800ac8e   0x0800ac8e   0x0000006e   Code   RO         1625    .text               mf_w.l(fepilogue.o)
    0x0800acfc   0x0800acfc   0x0000005e   Code   RO         1627    .text               mf_w.l(fsqrt.o)
    0x0800ad5a   0x0800ad5a   0x0000003c   Code   RO         1629    .text               mf_w.l(frnd.o)
    0x0800ad96   0x0800ad96   0x000000ba   Code   RO         1631    .text               mf_w.l(depilogue.o)
    0x0800ae50   0x0800ae50   0x000000a2   Code   RO         1633    .text               mf_w.l(dsqrt.o)
    0x0800aef2   0x0800aef2   0x00000030   Code   RO         1635    .text               mf_w.l(dfixul.o)
    0x0800af22   0x0800af22   0x00000002   PAD
    0x0800af24   0x0800af24   0x00000024   Code   RO         1637    .text               mc_w.l(init.o)
    0x0800af48   0x0800af48   0x00000020   Code   RO         1470    i.__0printf         mc_w.l(printfa.o)
    0x0800af68   0x0800af68   0x00000024   Code   RO         1476    i.__0vsprintf       mc_w.l(printfa.o)
    0x0800af8c   0x0800af8c   0x00000026   Code   RO         1561    i.__ARM_fpclassifyf  m_ws.l(fpclassifyf.o)
    0x0800afb2   0x0800afb2   0x000000aa   Code   RO         1577    i.__kernel_poly     m_ws.l(poly.o)
    0x0800b05c   0x0800b05c   0x00000006   Code   RO         1546    i.__mathlib_dbl_infnan  m_ws.l(dunder.o)
    0x0800b062   0x0800b062   0x0000000c   Code   RO         1548    i.__mathlib_dbl_invalid  m_ws.l(dunder.o)
    0x0800b06e   0x0800b06e   0x00000006   Code   RO         1564    i.__mathlib_flt_infnan  m_ws.l(funder.o)
    0x0800b074   0x0800b074   0x00000004   Code   RO         1565    i.__mathlib_flt_infnan2  m_ws.l(funder.o)
    0x0800b078   0x0800b078   0x00000008   Code   RO         1566    i.__mathlib_flt_invalid  m_ws.l(funder.o)
    0x0800b080   0x0800b080   0x0000000a   Code   RO         1569    i.__mathlib_flt_underflow  m_ws.l(funder.o)
    0x0800b08a   0x0800b08a   0x00000002   PAD
    0x0800b08c   0x0800b08c   0x00000168   Code   RO         1585    i.__mathlib_rredf2  m_ws.l(rredf.o)
    0x0800b1f4   0x0800b1f4   0x0000000e   Code   RO         1643    i.__scatterload_copy  mc_w.l(handlers.o)
    0x0800b202   0x0800b202   0x00000002   Code   RO         1644    i.__scatterload_null  mc_w.l(handlers.o)
    0x0800b204   0x0800b204   0x0000000e   Code   RO         1645    i.__scatterload_zeroinit  mc_w.l(handlers.o)
    0x0800b212   0x0800b212   0x00000002   PAD
    0x0800b214   0x0800b214   0x0000000c   Code   RO         1619    i.__set_errno       mc_w.l(errno.o)
    0x0800b220   0x0800b220   0x00000184   Code   RO         1477    i._fp_digits        mc_w.l(printfa.o)
    0x0800b3a4   0x0800b3a4   0x000006b4   Code   RO         1478    i._printf_core      mc_w.l(printfa.o)
    0x0800ba58   0x0800ba58   0x00000024   Code   RO         1479    i._printf_post_padding  mc_w.l(printfa.o)
    0x0800ba7c   0x0800ba7c   0x0000002e   Code   RO         1480    i._printf_pre_padding  mc_w.l(printfa.o)
    0x0800baaa   0x0800baaa   0x0000000a   Code   RO         1482    i._sputc            mc_w.l(printfa.o)
    0x0800bab4   0x0800bab4   0x0000027c   Code   RO         1079    i.acos              m_ws.l(acos.o)
    0x0800bd30   0x0800bd30   0x0000011c   Code   RO         1089    i.acosf             m_ws.l(acosf.o)
    0x0800be4c   0x0800be4c   0x00000124   Code   RO         1107    i.asinf             m_ws.l(asinf.o)
    0x0800bf70   0x0800bf70   0x000002a4   Code   RO         1133    i.atan2f            m_ws.l(atan2f.o)
    0x0800c214   0x0800c214   0x0000017c   Code   RO         1153    i.cosf              m_ws.l(cosf.o)
    0x0800c390   0x0800c390   0x00000188   Code   RO         1193    i.sinf              m_ws.l(sinf.o)
    0x0800c518   0x0800c518   0x0000004c   Code   RO         1201    i.sqrt              m_ws.l(sqrt.o)
    0x0800c564   0x0800c564   0x0000002c   Code   RO         1209    i.sqrtf             m_ws.l(sqrtf.o)
    0x0800c590   0x0800c590   0x00000054   Data   RO          404    .constdata          inv_mpu.o
    0x0800c5e4   0x0800c5e4   0x00000bf6   Data   RO          450    .constdata          inv_mpu_dmp_motion_driver.o
    0x0800d1da   0x0800d1da   0x00000002   PAD
    0x0800d1dc   0x0800d1dc   0x00000400   Data   RO          610    .constdata          ml_math_func.o
    0x0800d5dc   0x0800d5dc   0x0000002f   Data   RO          643    .constdata          mpl.o
    0x0800d60b   0x0800d60b   0x00000005   PAD
    0x0800d610   0x0800d610   0x00000050   Data   RO         1080    .constdata          m_ws.l(acos.o)
    0x0800d660   0x0800d660   0x00000020   Data   RO         1586    .constdata          m_ws.l(rredf.o)
    0x0800d680   0x0800d680   0x00000044   Data   RO          543    .conststring        data_builder.o
    0x0800d6c4   0x0800d6c4   0x00000009   Data   RO          707    .conststring        mpu6050_sl.o
    0x0800d6cd   0x0800d6cd   0x00000003   PAD
    0x0800d6d0   0x0800d6d0   0x00000048   Data   RO          847    .conststring        mpu6050.o
    0x0800d718   0x0800d718   0x00000020   Data   RO         1641    Region$$Table       anon$$obj.o


    Execution Region RW_IRAM1 (Exec base: 0x20000000, Load base: 0x0800d738, Size: 0x000011d0, Max: 0x00005000, ABSOLUTE)

    Exec Addr    Load Addr    Size         Type   Attr      Idx    E Section Name        Object

    0x20000000   0x0800d738   0x00000014   Data   RW           25    .data               system_stm32f10x.o
    0x20000014   0x0800d74c   0x00000014   Data   RW          318    .data               stm32f10x_rcc.o
    0x20000028   0x0800d760   0x0000002c   Data   RW          405    .data               inv_mpu.o
    0x20000054   0x0800d78c   0x00000014   Data   RW          578    .data               hal_outputs.o
    0x20000068   0x0800d7a0   0x00000004   Data   RW          596    .data               message_layer.o
    0x2000006c   0x0800d7a4   0x0000000d   Data   RW          708    .data               mpu6050_sl.o
    0x20000079   0x0800d7b1   0x00000003   PAD
    0x2000007c   0x0800d7b4   0x00000014   Data   RW          797    .data               stm32f10x_it.o
    0x20000090   0x0800d7c8   0x00000008   Data   RW          828    .data               bsp_systick.o
    0x20000098   0x0800d7d0   0x00000004   Data   RW         1610    .data               mc_w.l(stdout.o)
    0x2000009c   0x0800d7d4   0x00000004   Data   RW         1620    .data               mc_w.l(errno.o)
    0x200000a0        -       0x00000010   Zero   RW          449    .bss                inv_mpu_dmp_motion_driver.o
    0x200000b0        -       0x00000028   Zero   RW          507    .bss                empl_outputs.o
    0x200000d8        -       0x000002d8   Zero   RW          542    .bss                data_builder.o
    0x200003b0        -       0x000000c4   Zero   RW          577    .bss                hal_outputs.o
    0x20000474        -       0x00000088   Zero   RW          664    .bss                results_holder.o
    0x200004fc        -       0x00000054   Zero   RW          678    .bss                start_manager.o
    0x20000550        -       0x00000198   Zero   RW          692    .bss                storage_manager.o
    0x200006e8        -       0x00000024   Zero   RW          706    .bss                mpu6050_sl.o
    0x2000070c   0x0800d7d8   0x00000004   PAD
    0x20000710        -       0x000002a0   Zero   RW          902    .bss                libmpllib.lib(fast_no_motion.o)
    0x200009b0        -       0x00000138   Zero   RW          993    .bss                libmpllib.lib(fusion_9axis.o)
    0x20000ae8        -       0x000001c4   Zero   RW         1018    .bss                libmpllib.lib(gyro_tc.o)
    0x20000cac        -       0x0000006c   Zero   RW         1039    .bss                libmpllib.lib(quaternion_supervisor.o)
    0x20000d18        -       0x000000b8   Zero   RW         1057    .bss                libmpllib.lib(mag_disturb.o)
    0x20000dd0        -       0x00000400   Zero   RW            1    STACK               startup_stm32f10x_md.o


==============================================================================

Image component sizes


      Code (inc. data)   RO Data    RW Data    ZI Data      Debug   Object Name

       520         22          0          0          0       2304   bsp_hard_i2c.o
        72          4          0          0          0        654   bsp_led.o
       188         22          0          8          0      17558   bsp_systick.o
       188         10          0          0          0       1155   bsp_usart.o
         0          0          0          0          0       4508   core_cm3.o
      3176         72         68          0        728      19248   data_builder.o
      1236         40          0          0         40      10138   empl_outputs.o
      1696         30          0         20        196       7299   hal_outputs.o
      7916        106         84         44          0      25219   inv_mpu.o
      3444        128       3062          0         16      17139   inv_mpu_dmp_motion_driver.o
       800         22          0          0          0       5680   log_stm32.o
      1120        278          0          0          0       1315   main.o
        44          4          0          4          0       1854   message_layer.o
       220         22          0          0          0       2085   misc.o
      3896         54       1024          0          0      16553   ml_math_func.o
       252         70         47          0          0       2566   mpl.o
       624         50         72          0          0       2902   mpu6050.o
       644         90          9         13         36       4240   mpu6050_sl.o
       996         10          0          0        136       9885   results_holder.o
       184          6          0          0         84       2658   start_manager.o
        36          8        236          0       1024        956   startup_stm32f10x_md.o
       284         10          0          0          0       2543   stm32f10x_exti.o
       860         38          0          0          0       6017   stm32f10x_gpio.o
      1028         16          0          0          0       9511   stm32f10x_i2c.o
       108          8          0         20          0       2864   stm32f10x_it.o
       932         36          0         20          0       9336   stm32f10x_rcc.o
      1032         22          0          0          0       8744   stm32f10x_usart.o
       548          6          0          0        408       4006   storage_manager.o
       480         38          0         20          0     240039   system_stm32f10x.o

    ----------------------------------------------------------------------
     32524       1222       4644        152       2672     438976   Object Totals
         0          0         32          0          0          0   (incl. Generated)
         0          0         10          3          4          0   (incl. Padding)

    ----------------------------------------------------------------------

      Code (inc. data)   RO Data    RW Data    ZI Data      Debug   Library Member Name

      2548         42          0          0        672      19752   fast_no_motion.o
      1628         54          0          0        312       5308   fusion_9axis.o
      1212         30          0          0        452       5515   gyro_tc.o
      1360         46          0          0        184       7270   mag_disturb.o
      2368        102          0          0        108       5409   quaternion_supervisor.o
       636         62         80          0          0        188   acos.o
       284         42          0          0          0        120   acosf.o
       292         38          0          0          0        120   asinf.o
       676         78          0          0          0        116   atan2f.o
       380         52          0          0          0        124   cosf.o
        18          0          0          0          0        136   dunder.o
        38          0          0          0          0         68   fpclassifyf.o
        28          0          0          0          0        272   funder.o
       170          0          0          0          0         96   poly.o
       360         16         32          0          0         88   rredf.o
       392         54          0          0          0        124   sinf.o
        76          0          0          0          0         84   sqrt.o
        44          0          0          0          0         80   sqrtf.o
         0          0          0          0          0          0   entry.o
         0          0          0          0          0          0   entry10a.o
         0          0          0          0          0          0   entry11a.o
         4          0          0          0          0          0   entry12b.o
         8          4          0          0          0          0   entry2.o
         4          0          0          0          0          0   entry5.o
         0          0          0          0          0          0   entry7b.o
         0          0          0          0          0          0   entry8b.o
         8          4          0          0          0          0   entry9a.o
        12          6          0          4          0         68   errno.o
        30          0          0          0          0          0   handlers.o
        36          8          0          0          0         68   init.o
         0          0          0          0          0          0   iusefp.o
        98          0          0          0          0         84   ldiv.o
        30          0          0          0          0         68   llshl.o
        36          0          0          0          0         68   llsshr.o
        32          0          0          0          0         68   llushr.o
        26          0          0          0          0         80   memcmp.o
        64          0          0          0          0         76   memmovea.o
        36          0          0          0          0        108   memseta.o
      2264         96          0          0          0        612   printfa.o
         0          0          0          4          0          0   stdout.o
        44          0          0          0          0         80   uidiv.o
        98          0          0          0          0         92   uldiv.o
        48          0          0          0          0         68   cdcmple.o
        48          0          0          0          0         68   cdrcmple.o
        20          0          0          0          0         68   cfcmple.o
        20          0          0          0          0         68   cfrcmple.o
        56          0          0          0          0         88   d2f.o
       334          0          0          0          0        148   dadd.o
       222          0          0          0          0        100   ddiv.o
       186          0          0          0          0        176   depilogue.o
        62          0          0          0          0         80   dfixi.o
        48          0          0          0          0         68   dfixul.o
        34          0          0          0          0         76   dflti.o
       228          0          0          0          0         96   dmul.o
        46          0          0          0          0         80   dscalb.o
       162          0          0          0          0        100   dsqrt.o
        38          0          0          0          0         68   f2d.o
       176          0          0          0          0        140   fadd.o
       124          0          0          0          0         88   fdiv.o
       110          0          0          0          0        168   fepilogue.o
        50          0          0          0          0         68   ffixi.o
        66          0          0          0          0         76   ffixl.o
        40          0          0          0          0         68   ffixui.o
        18          0          0          0          0         68   fflti.o
        44          0          0          0          0         92   ffltl.o
        10          0          0          0          0         68   ffltui.o
       100          0          0          0          0         76   fmul.o
        60          0          0          0          0         76   frnd.o
        24          0          0          0          0         68   fscalb.o
        94          0          0          0          0         96   fsqrt.o

    ----------------------------------------------------------------------
     17816        734        112          8       1728      48846   Library Totals
         8          0          0          0          0          0   (incl. Padding)

    ----------------------------------------------------------------------

      Code (inc. data)   RO Data    RW Data    ZI Data      Debug   Library Name

      9116        274          0          0       1728      43254   libmpllib.lib
      3394        342        112          0          0       1616   m_ws.l
      2830        118          0          8          0       1472   mc_w.l
      2468          0          0          0          0       2504   mf_w.l

    ----------------------------------------------------------------------
     17816        734        112          8       1728      48846   Library Totals

    ----------------------------------------------------------------------

==============================================================================


      Code (inc. data)   RO Data    RW Data    ZI Data      Debug   

     50340       1956       4756        160       4400     481474   Grand Totals
     50340       1956       4756        160       4400     481474   ELF Image Totals
     50340       1956       4756        160          0          0   ROM Totals

==============================================================================

    Total RO  Size (Code + RO Data)                55096 (  53.80kB)
    Total RW  Size (RW Data + ZI Data)              4560 (   4.45kB)
    Total ROM Size (Code + RO Data + RW Data)      55256 (  53.96kB)

==============================================================================

